[    0.000000] Linux version 6.15.0 (root@minsepar) (gcc (GCC) 15.1.0, GNU ld (GNU Binutils) 2.44) #5 SMP PREEMPT_DYNAMIC Mon Jun 23 15:51:54 GMT 2025
[    0.000000] Command line: BOOT_IMAGE=/vmlinuz-6.15.0-lfs-12.3-systemd root=UUID=ffd5ccc4-5ff0-4328-87f8-aec9535e89fe ro rootwait rootdelay=5 quiet
[    0.000000] BIOS-provided physical RAM map:
[    0.000000] BIOS-e820: [mem 0x0000000000000000-0x000000000009ffff] usable
[    0.000000] BIOS-e820: [mem 0x0000000000100000-0x00000000de55ffff] usable
[    0.000000] BIOS-e820: [mem 0x00000000de560000-0x00000000de5a8fff] reserved
[    0.000000] BIOS-e820: [mem 0x00000000de5a9000-0x00000000deaecfff] usable
[    0.000000] BIOS-e820: [mem 0x00000000deaed000-0x00000000ded6cfff] reserved
[    0.000000] BIOS-e820: [mem 0x00000000ded6d000-0x00000000ded7efff] ACPI data
[    0.000000] BIOS-e820: [mem 0x00000000ded7f000-0x00000000dedfefff] ACPI NVS
[    0.000000] BIOS-e820: [mem 0x00000000dedff000-0x00000000df16dfff] usable
[    0.000000] BIOS-e820: [mem 0x00000000df16e000-0x00000000dffeffff] reserved
[    0.000000] BIOS-e820: [mem 0x00000000ffc00000-0x00000000ffffffff] reserved
[    0.000000] BIOS-e820: [mem 0x0000000100000000-0x000000022dcfffff] usable
[    0.000000] NX (Execute Disable) protection: active
[    0.000000] APIC: Static calls initialized
[    0.000000] efi: EFI v2.7 by EDK II
[    0.000000] efi: ACPI=0xded7e000 ACPI 2.0=0xded7e014 SMBIOS=0xdedfd000 INITRD=0xdd42ed18 RNG=0xded75018 
[    0.000000] random: crng init done
[    0.000000] efi: Remove mem128: MMIO range=[0xffc00000-0xffffffff] (4MB) from e820 map
[    0.000000] e820: remove [mem 0xffc00000-0xffffffff] reserved
[    0.000000] SMBIOS 2.5 present.
[    0.000000] DMI: innotek GmbH VirtualBox/VirtualBox, BIOS VirtualBox 12/01/2006
[    0.000000] DMI: Memory slots populated: 0/0
[    0.000000] Hypervisor detected: KVM
[    0.000000] kvm-clock: Using msrs 4b564d01 and 4b564d00
[    0.000000] kvm-clock: using sched offset of 4373379070 cycles
[    0.000001] clocksource: kvm-clock: mask: 0xffffffffffffffff max_cycles: 0x1cd42e4dffb, max_idle_ns: 881590591483 ns
[    0.000003] tsc: Detected 2495.998 MHz processor
[    0.000337] e820: update [mem 0x00000000-0x00000fff] usable ==> reserved
[    0.000338] e820: remove [mem 0x000a0000-0x000fffff] usable
[    0.000341] last_pfn = 0x22dd00 max_arch_pfn = 0x400000000
[    0.000379] MTRR map: 7 entries (3 fixed + 4 variable; max 35), built from 16 variable MTRRs
[    0.000381] x86/PAT: Configuration [0-7]: WB  WC  UC- UC  WB  WP  UC- WT  
[    0.000447] e820: update [mem 0xe0000000-0xffffffff] usable ==> reserved
[    0.000450] last_pfn = 0xdf16e max_arch_pfn = 0x400000000
[    0.022941] Secure boot disabled
[    0.022942] RAMDISK: [mem 0xd8139000-0xd9186fff]
[    0.022945] ACPI: Early table checksum verification disabled
[    0.022949] ACPI: RSDP 0x00000000DED7E014 000024 (v02 VBOX  )
[    0.022952] ACPI: XSDT 0x00000000DED7D0E8 000044 (v01 VBOX   VBOXFACP 00000001      01000013)
[    0.022956] ACPI: FACP 0x00000000DED79000 0000F4 (v04 VBOX   VBOXFACP 00000001 ASL  00000061)
[    0.022960] ACPI: DSDT 0x00000000DED7A000 002353 (v02 VBOX   VBOXBIOS 00000002 INTL 20230628)
[    0.022963] ACPI: FACS 0x00000000DEDFE000 000040
[    0.022964] ACPI: APIC 0x00000000DED78000 00009C (v02 VBOX   VBOXAPIC 00000001 ASL  00000061)
[    0.022966] ACPI: SSDT 0x00000000DED77000 00036C (v01 VBOX   VBOXCPUT 00000002 INTL 20230628)
[    0.022968] ACPI: BGRT 0x00000000DED76000 000038 (v01 INTEL  EDK2     00000002      01000013)
[    0.022970] ACPI: Reserving FACP table memory at [mem 0xded79000-0xded790f3]
[    0.022971] ACPI: Reserving DSDT table memory at [mem 0xded7a000-0xded7c352]
[    0.022971] ACPI: Reserving FACS table memory at [mem 0xdedfe000-0xdedfe03f]
[    0.022971] ACPI: Reserving APIC table memory at [mem 0xded78000-0xded7809b]
[    0.022972] ACPI: Reserving SSDT table memory at [mem 0xded77000-0xded7736b]
[    0.022972] ACPI: Reserving BGRT table memory at [mem 0xded76000-0xded76037]
[    0.023082] No NUMA configuration found
[    0.023082] Faking a node at [mem 0x0000000000000000-0x000000022dcfffff]
[    0.023084] NODE_DATA(0) allocated [mem 0x22dcfc100-0x22dcfffff]
[    0.023204] Zone ranges:
[    0.023204]   DMA      [mem 0x0000000000001000-0x0000000000ffffff]
[    0.023205]   DMA32    [mem 0x0000000001000000-0x00000000ffffffff]
[    0.023206]   Normal   [mem 0x0000000100000000-0x000000022dcfffff]
[    0.023207] Movable zone start for each node
[    0.023207] Early memory node ranges
[    0.023207]   node   0: [mem 0x0000000000001000-0x000000000009ffff]
[    0.023208]   node   0: [mem 0x0000000000100000-0x00000000de55ffff]
[    0.023209]   node   0: [mem 0x00000000de5a9000-0x00000000deaecfff]
[    0.023209]   node   0: [mem 0x00000000dedff000-0x00000000df16dfff]
[    0.023210]   node   0: [mem 0x0000000100000000-0x000000022dcfffff]
[    0.023210] Initmem setup node 0 [mem 0x0000000000001000-0x000000022dcfffff]
[    0.023423] On node 0, zone DMA: 1 pages in unavailable ranges
[    0.023439] On node 0, zone DMA: 96 pages in unavailable ranges
[    0.032048] On node 0, zone DMA32: 73 pages in unavailable ranges
[    0.032056] On node 0, zone DMA32: 786 pages in unavailable ranges
[    0.044566] On node 0, zone Normal: 3730 pages in unavailable ranges
[    0.044603] On node 0, zone Normal: 8960 pages in unavailable ranges
[    0.044836] ACPI: PM-Timer IO Port: 0x4008
[    0.044877] IOAPIC[0]: apic_id 10, version 32, address 0xfec00000, GSI 0-23
[    0.044879] ACPI: INT_SRC_OVR (bus 0 bus_irq 0 global_irq 2 dfl dfl)
[    0.044881] ACPI: INT_SRC_OVR (bus 0 bus_irq 9 global_irq 9 low level)
[    0.044884] ACPI: Using ACPI (MADT) for SMP configuration information
[    0.044892] e820: update [mem 0xdd3e7000-0xdd407fff] usable ==> reserved
[    0.044900] CPU topo: Max. logical packages:   1
[    0.044900] CPU topo: Max. logical dies:       1
[    0.044901] CPU topo: Max. dies per package:   1
[    0.044902] CPU topo: Max. threads per core:   1
[    0.044903] CPU topo: Num. cores per package:    10
[    0.044903] CPU topo: Num. threads per package:  10
[    0.044904] CPU topo: Allowing 10 present CPUs plus 0 hotplug CPUs
[    0.044918] PM: hibernation: Registered nosave memory: [mem 0x00000000-0x00000fff]
[    0.044919] PM: hibernation: Registered nosave memory: [mem 0x000a0000-0x000fffff]
[    0.044920] PM: hibernation: Registered nosave memory: [mem 0xdd3e7000-0xdd407fff]
[    0.044920] PM: hibernation: Registered nosave memory: [mem 0xde560000-0xde5a8fff]
[    0.044921] PM: hibernation: Registered nosave memory: [mem 0xdeaed000-0xdedfefff]
[    0.044921] PM: hibernation: Registered nosave memory: [mem 0xdf16e000-0xffffffff]
[    0.044923] [mem 0xdfff0000-0xffffffff] available for PCI devices
[    0.044923] Booting paravirtualized kernel on KVM
[    0.044925] clocksource: refined-jiffies: mask: 0xffffffff max_cycles: 0xffffffff, max_idle_ns: 1910969940391419 ns
[    0.049079] setup_percpu: NR_CPUS:64 nr_cpumask_bits:10 nr_cpu_ids:10 nr_node_ids:1
[    0.050023] percpu: Embedded 51 pages/cpu s171352 r8192 d29352 u524288
[    0.050026] pcpu-alloc: s171352 r8192 d29352 u524288 alloc=1*2097152
[    0.050028] pcpu-alloc: [0] 00 01 02 03 [0] 04 05 06 07 
[    0.050030] pcpu-alloc: [0] 08 09 -- -- 
[    0.050044] Kernel command line: BOOT_IMAGE=/vmlinuz-6.15.0-lfs-12.3-systemd root=UUID=ffd5ccc4-5ff0-4328-87f8-aec9535e89fe ro rootwait rootdelay=5 quiet
[    0.050069] Unknown kernel command line parameters "BOOT_IMAGE=/vmlinuz-6.15.0-lfs-12.3-systemd", will be passed to user space.
[    0.050077] printk: log buffer data + meta data: 262144 + 917504 = 1179648 bytes
[    0.051364] Dentry cache hash table entries: 1048576 (order: 11, 8388608 bytes, linear)
[    0.051955] Inode-cache hash table entries: 524288 (order: 10, 4194304 bytes, linear)
[    0.052107] software IO TLB: area num 16.
[    0.067383] Fallback order for Node 0: 0 
[    0.067389] Built 1 zonelists, mobility grouping on.  Total pages: 2149042
[    0.067390] Policy zone: Normal
[    0.067392] mem auto-init: stack:all(zero), heap alloc:off, heap free:off
[    0.080098] SLUB: HWalign=64, Order=0-3, MinObjects=0, CPUs=10, Nodes=1
[    0.080110] Kernel/User page tables isolation: enabled
[    0.081089] Dynamic Preempt: voluntary
[    0.081318] rcu: Preemptible hierarchical RCU implementation.
[    0.081318] rcu: 	RCU event tracing is enabled.
[    0.081319] rcu: 	RCU restricting CPUs from NR_CPUS=64 to nr_cpu_ids=10.
[    0.081320] 	Trampoline variant of Tasks RCU enabled.
[    0.081320] 	Tracing variant of Tasks RCU enabled.
[    0.081321] rcu: RCU calculated value of scheduler-enlistment delay is 100 jiffies.
[    0.081321] rcu: Adjusting geometry for rcu_fanout_leaf=16, nr_cpu_ids=10
[    0.081327] RCU Tasks: Setting shift to 4 and lim to 1 rcu_task_cb_adjust=1 rcu_task_cpu_ids=10.
[    0.081328] RCU Tasks Trace: Setting shift to 4 and lim to 1 rcu_task_cb_adjust=1 rcu_task_cpu_ids=10.
[    0.083119] NR_IRQS: 4352, nr_irqs: 504, preallocated irqs: 16
[    0.083282] rcu: srcu_init: Setting srcu_struct sizes based on contention.
[    0.083704] Console: colour dummy device 80x25
[    0.083706] printk: legacy console [tty0] enabled
[    0.083725] ACPI: Core revision 20240827
[    0.083800] APIC: Switch to symmetric I/O mode setup
[    0.083978] x2apic enabled
[    0.084175] APIC: Switched APIC routing to: physical x2apic
[    0.084990] ..TIMER: vector=0x30 apic1=0 pin1=2 apic2=-1 pin2=-1
[    0.085006] clocksource: tsc-early: mask: 0xffffffffffffffff max_cycles: 0x23fa754787d, max_idle_ns: 440795210092 ns
[    0.085010] Calibrating delay loop (skipped) preset value.. 4991.99 BogoMIPS (lpj=2495998)
[    0.085104] Last level iTLB entries: 4KB 0, 2MB 0, 4MB 0
[    0.085105] Last level dTLB entries: 4KB 0, 2MB 0, 4MB 0, 1GB 0
[    0.085109] Spectre V1 : Mitigation: usercopy/swapgs barriers and __user pointer sanitization
[    0.085110] Spectre V2 : Mitigation: Retpolines
[    0.085111] Spectre V2 : Spectre v2 / SpectreRSB: Filling RSB on context switch and VMEXIT
[    0.085112] Speculative Store Bypass: Vulnerable
[    0.085113] MDS: Mitigation: Clear CPU buffers
[    0.085113] MMIO Stale Data: Unknown: No mitigations
[    0.085114] Register File Data Sampling: Vulnerable: No microcode
[    0.085114] ITS: Mitigation: Aligned branch/return thunks
[    0.085125] x86/fpu: Supporting XSAVE feature 0x001: 'x87 floating point registers'
[    0.085125] x86/fpu: Supporting XSAVE feature 0x002: 'SSE registers'
[    0.085126] x86/fpu: Supporting XSAVE feature 0x004: 'AVX registers'
[    0.085127] x86/fpu: xstate_offset[2]:  576, xstate_sizes[2]:  256
[    0.085127] x86/fpu: Enabled xstate features 0x7, context size is 832 bytes, using 'standard' format.
[    0.097035] Freeing SMP alternatives memory: 56K
[    0.097042] pid_max: default: 32768 minimum: 301
[    0.097933] LSM: initializing lsm=capability,selinux
[    0.097948] SELinux:  Initializing.
[    0.098258] Mount-cache hash table entries: 16384 (order: 5, 131072 bytes, linear)
[    0.098265] Mountpoint-cache hash table entries: 16384 (order: 5, 131072 bytes, linear)
[    0.202499] APIC calibration not consistent with PM-Timer: 101ms instead of 100ms
[    0.202502] APIC delta adjusted to PM-Timer: 6271010 (6342085)
[    0.202558] smpboot: CPU0: 13th Gen Intel(R) Core(TM) i5-1335U (family: 0x6, model: 0xba, stepping: 0x3)
[    0.202680] Performance Events: unsupported CPU family 6 model 186 no PMU driver, software events only.
[    0.202699] signal: max sigframe size: 1776
[    0.202714] rcu: Hierarchical SRCU implementation.
[    0.202715] rcu: 	Max phase no-delay instances is 400.
[    0.202734] Timer migration: 2 hierarchy levels; 8 children per group; 2 crossnode level
[    0.204857] smp: Bringing up secondary CPUs ...
[    0.204913] smpboot: x86: Booting SMP configuration:
[    0.204914] .... node  #0, CPUs:        #1  #2  #3  #4  #5  #6  #7  #8  #9
[    0.220289] smp: Brought up 1 node, 10 CPUs
[    0.220293] smpboot: Total of 10 processors activated (49919.96 BogoMIPS)
[    0.223055] Memory: 8314124K/8596168K available (18852K kernel code, 2901K rwdata, 7392K rodata, 2824K init, 924K bss, 274408K reserved, 0K cma-reserved)
[    0.224055] devtmpfs: initialized
[    0.224325] ACPI: PM: Registering ACPI NVS region [mem 0xded7f000-0xdedfefff] (524288 bytes)
[    0.225022] clocksource: jiffies: mask: 0xffffffff max_cycles: 0xffffffff, max_idle_ns: 1911260446275000 ns
[    0.225025] posixtimers hash table entries: 8192 (order: 5, 131072 bytes, linear)
[    0.225034] futex hash table entries: 4096 (order: 6, 262144 bytes, linear)
[    0.225161] PM: RTC time: 16:05:57, date: 2025-06-23
[    0.225461] NET: Registered PF_NETLINK/PF_ROUTE protocol family
[    0.225539] audit: initializing netlink subsys (disabled)
[    0.225568] audit: type=2000 audit(1750694763.107:1): state=initialized audit_enabled=0 res=1
[    0.225568] thermal_sys: Registered thermal governor 'step_wise'
[    0.225568] cpuidle: using governor menu
[    0.226485] PCI: Using configuration type 1 for base access
[    0.226559] kprobes: kprobe jump-optimization is enabled. All kprobes are optimized if possible.
[    0.226614] HugeTLB: allocation took 0ms with hugepage_allocation_threads=2
[    0.226614] HugeTLB: registered 2.00 MiB page size, pre-allocated 0 pages
[    0.226614] HugeTLB: 28 KiB vmemmap can be freed for a 2.00 MiB page
[    0.227495] ACPI: Added _OSI(Module Device)
[    0.227497] ACPI: Added _OSI(Processor Device)
[    0.227498] ACPI: Added _OSI(3.0 _SCP Extensions)
[    0.227498] ACPI: Added _OSI(Processor Aggregator Device)
[    0.228139] ACPI: 2 ACPI AML tables successfully acquired and loaded
[    0.232747] ACPI: Interpreter enabled
[    0.232754] ACPI: PM: (supports S0 S5)
[    0.232754] ACPI: Using IOAPIC for interrupt routing
[    0.232814] PCI: Using host bridge windows from ACPI; if necessary, use "pci=nocrs" and report a bug
[    0.232814] PCI: Using E820 reservations for host bridge windows
[    0.232852] ACPI: Enabled 2 GPEs in block 00 to 07
[    0.234656] ACPI: PCI Root Bridge [PCI0] (domain 0000 [bus 00-ff])
[    0.234660] acpi PNP0A03:00: _OSC: OS supports [ASPM ClockPM Segments MSI HPX-Type3]
[    0.234662] acpi PNP0A03:00: _OSC: not requesting OS control; OS requires [ExtendedConfig ASPM ClockPM MSI]
[    0.234773] acpi PNP0A03:00: fail to add MMCONFIG information, can't access extended configuration space under this bridge
[    0.234832] PCI host bridge to bus 0000:00
[    0.234833] pci_bus 0000:00: root bus resource [io  0x0000-0x0cf7 window]
[    0.234834] pci_bus 0000:00: root bus resource [io  0x0d00-0xffff window]
[    0.234835] pci_bus 0000:00: root bus resource [mem 0x000a0000-0x000bffff window]
[    0.234836] pci_bus 0000:00: root bus resource [mem 0xe0000000-0xfdffffff window]
[    0.234836] pci_bus 0000:00: root bus resource [bus 00-ff]
[    0.234919] pci 0000:00:00.0: [8086:1237] type 00 class 0x060000 conventional PCI endpoint
[    0.235232] pci 0000:00:01.0: [8086:7000] type 00 class 0x060100 conventional PCI endpoint
[    0.235513] pci 0000:00:01.1: [8086:7111] type 00 class 0x01018a conventional PCI endpoint
[    0.235702] pci 0000:00:01.1: BAR 4 [io  0xc180-0xc18f]
[    0.235724] pci 0000:00:01.1: BAR 0 [io  0x01f0-0x01f7]: legacy IDE quirk
[    0.235725] pci 0000:00:01.1: BAR 1 [io  0x03f6]: legacy IDE quirk
[    0.235726] pci 0000:00:01.1: BAR 2 [io  0x0170-0x0177]: legacy IDE quirk
[    0.235727] pci 0000:00:01.1: BAR 3 [io  0x0376]: legacy IDE quirk
[    0.235808] pci 0000:00:02.0: [15ad:0405] type 00 class 0x030000 conventional PCI endpoint
[    0.239019] pci 0000:00:02.0: BAR 0 [io  0xc170-0xc17f]
[    0.239036] pci 0000:00:02.0: BAR 1 [mem 0xe0000000-0xe0ffffff pref]
[    0.239041] pci 0000:00:02.0: BAR 2 [mem 0xe1400000-0xe15fffff]
[    0.242090] pci 0000:00:02.0: Video device with shadowed ROM at [mem 0x000c0000-0x000dffff]
[    0.242330] pci 0000:00:03.0: [8086:100e] type 00 class 0x020000 conventional PCI endpoint
[    0.245194] pci 0000:00:03.0: BAR 0 [mem 0xe1600000-0xe161ffff]
[    0.245214] pci 0000:00:03.0: BAR 2 [io  0xc1a0-0xc1a7]
[    0.245314] pci 0000:00:04.0: [80ee:cafe] type 00 class 0x088000 conventional PCI endpoint
[    0.249025] pci 0000:00:04.0: BAR 0 [io  0xc140-0xc15f]
[    0.249042] pci 0000:00:04.0: BAR 1 [mem 0xe1000000-0xe13fffff]
[    0.250009] pci 0000:00:04.0: BAR 2 [mem 0xe1620000-0xe1623fff pref]
[    0.250282] pci 0000:00:05.0: [8086:2415] type 00 class 0x040100 conventional PCI endpoint
[    0.250508] pci 0000:00:05.0: BAR 0 [io  0xc000-0xc0ff]
[    0.250515] pci 0000:00:05.0: BAR 1 [io  0xc100-0xc13f]
[    0.250667] pci 0000:00:06.0: [106b:003f] type 00 class 0x0c0310 conventional PCI endpoint
[    0.254158] pci 0000:00:06.0: BAR 0 [mem 0xe1627000-0xe1627fff]
[    0.254421] pci 0000:00:07.0: [8086:7113] type 00 class 0x068000 conventional PCI endpoint
[    0.254637] pci 0000:00:07.0: quirk: [io  0x4000-0x403f] claimed by PIIX4 ACPI
[    0.254643] pci 0000:00:07.0: quirk: [io  0x4100-0x410f] claimed by PIIX4 SMB
[    0.254769] pci 0000:00:0b.0: [8086:265c] type 00 class 0x0c0320 conventional PCI endpoint
[    0.257181] pci 0000:00:0b.0: BAR 0 [mem 0xe1626000-0xe1626fff]
[    0.258247] pci 0000:00:0d.0: [8086:2829] type 00 class 0x010601 conventional PCI endpoint
[    0.262030] pci 0000:00:0d.0: BAR 0 [io  0xc198-0xc19f]
[    0.262043] pci 0000:00:0d.0: BAR 1 [io  0xc1ac-0xc1af]
[    0.262050] pci 0000:00:0d.0: BAR 2 [io  0xc190-0xc197]
[    0.262056] pci 0000:00:0d.0: BAR 3 [io  0xc1a8-0xc1ab]
[    0.262061] pci 0000:00:0d.0: BAR 4 [io  0xc160-0xc16f]
[    0.262066] pci 0000:00:0d.0: BAR 5 [mem 0xe1624000-0xe1625fff]
[    0.262083] ACPI: PCI: Interrupt link LNKA configured for IRQ 10
[    0.262175] ACPI: PCI: Interrupt link LNKB configured for IRQ 10
[    0.262208] ACPI: PCI: Interrupt link LNKC configured for IRQ 11
[    0.262241] ACPI: PCI: Interrupt link LNKD configured for IRQ 11
[    0.262344] iommu: Default domain type: Translated
[    0.262347] iommu: DMA domain TLB invalidation policy: lazy mode
[    0.262415] SCSI subsystem initialized
[    0.263079] libata version 3.00 loaded.
[    0.263079] ACPI: bus type USB registered
[    0.263085] usbcore: registered new interface driver usbfs
[    0.263089] usbcore: registered new interface driver hub
[    0.263093] usbcore: registered new device driver usb
[    0.263103] pps_core: LinuxPPS API ver. 1 registered
[    0.263105] pps_core: Software ver. 5.3.6 - Copyright 2005-2007 Rodolfo Giometti <giometti@linux.it>
[    0.263106] PTP clock support registered
[    0.265044] efivars: Registered efivars operations
[    0.265071] Advanced Linux Sound Architecture Driver Initialized.
[    0.265174] NetLabel: Initializing
[    0.265175] NetLabel:  domain hash size = 128
[    0.265176] NetLabel:  protocols = UNLABELED CIPSOv4 CALIPSO
[    0.265187] NetLabel:  unlabeled traffic allowed by default
[    0.265199] PCI: Using ACPI for IRQ routing
[    0.265199] PCI: pci_cache_line_size set to 64 bytes
[    0.265199] e820: reserve RAM buffer [mem 0xdd3e7000-0xdfffffff]
[    0.265199] e820: reserve RAM buffer [mem 0xde560000-0xdfffffff]
[    0.265199] e820: reserve RAM buffer [mem 0xdeaed000-0xdfffffff]
[    0.265199] e820: reserve RAM buffer [mem 0xdf16e000-0xdfffffff]
[    0.265199] e820: reserve RAM buffer [mem 0x22dd00000-0x22fffffff]
[    0.265199] pci 0000:00:02.0: vgaarb: setting as boot VGA device
[    0.265199] pci 0000:00:02.0: vgaarb: bridge control possible
[    0.265199] pci 0000:00:02.0: vgaarb: VGA device added: decodes=io+mem,owns=io+mem,locks=none
[    0.265199] vgaarb: loaded
[    0.265497] clocksource: Switched to clocksource kvm-clock
[    0.265574] VFS: Disk quotas dquot_6.6.0
[    0.266286] VFS: Dquot-cache hash table entries: 512 (order 0, 4096 bytes)
[    0.266396] pnp: PnP ACPI init
[    0.266659] pnp: PnP ACPI: found 2 devices
[    0.275927] clocksource: acpi_pm: mask: 0xffffff max_cycles: 0xffffff, max_idle_ns: 2085701024 ns
[    0.275946] NET: Registered PF_INET protocol family
[    0.276306] IP idents hash table entries: 131072 (order: 8, 1048576 bytes, linear)
[    0.276922] tcp_listen_portaddr_hash hash table entries: 4096 (order: 4, 65536 bytes, linear)
[    0.276922] Table-perturb hash table entries: 65536 (order: 6, 262144 bytes, linear)
[    0.276922] TCP established hash table entries: 65536 (order: 7, 524288 bytes, linear)
[    0.276922] TCP bind hash table entries: 65536 (order: 9, 2097152 bytes, linear)
[    0.277436] TCP: Hash tables configured (established 65536 bind 65536)
[    0.277460] UDP hash table entries: 4096 (order: 6, 262144 bytes, linear)
[    0.277481] UDP-Lite hash table entries: 4096 (order: 6, 262144 bytes, linear)
[    0.277513] NET: Registered PF_UNIX/PF_LOCAL protocol family
[    0.277950] RPC: Registered named UNIX socket transport module.
[    0.277950] RPC: Registered udp transport module.
[    0.277951] RPC: Registered tcp transport module.
[    0.277951] RPC: Registered tcp-with-tls transport module.
[    0.277952] RPC: Registered tcp NFSv4.1 backchannel transport module.
[    0.278535] pci_bus 0000:00: resource 4 [io  0x0000-0x0cf7 window]
[    0.278538] pci_bus 0000:00: resource 5 [io  0x0d00-0xffff window]
[    0.278539] pci_bus 0000:00: resource 6 [mem 0x000a0000-0x000bffff window]
[    0.278539] pci_bus 0000:00: resource 7 [mem 0xe0000000-0xfdffffff window]
[    0.278556] pci 0000:00:00.0: Limiting direct PCI/PCI transfers
[    0.279327] PCI: CLS 0 bytes, default 64
[    0.279344] PCI-DMA: Using software bounce buffering for IO (SWIOTLB)
[    0.279345] software IO TLB: mapped [mem 0x00000000d4139000-0x00000000d8139000] (64MB)
[    0.279376] RAPL PMU: API unit is 2^-32 Joules, 0 fixed counters, 335544320 ms ovfl timer
[    0.279389] clocksource: tsc: mask: 0xffffffffffffffff max_cycles: 0x23fa754787d, max_idle_ns: 440795210092 ns
[    0.279628] clocksource: Switched to clocksource tsc
[    0.279641] platform rtc_cmos: registered platform RTC device (no PNP device found)
[    0.279792] Unpacking initramfs...
[    0.297520] Initialise system trusted keyrings
[    0.297860] workingset: timestamp_bits=40 max_order=21 bucket_order=0
[    0.298630] NFS: Registering the id_resolver key type
[    0.298636] Key type id_resolver registered
[    0.298637] Key type id_legacy registered
[    0.298738] 9p: Installing v9fs 9p2000 file system support
[    0.301366] Key type asymmetric registered
[    0.301366] Asymmetric key parser 'x509' registered
[    0.301366] Block layer SCSI generic (bsg) driver version 0.4 loaded (major 251)
[    0.301366] io scheduler mq-deadline registered
[    0.301366] io scheduler kyber registered
[    0.311111] ACPI: AC: AC Adapter [AC] (on-line)
[    0.311149] input: Power Button as /devices/LNXSYSTM:00/LNXPWRBN:00/input/input0
[    0.311707] ACPI: button: Power Button [PWRF]
[    0.311735] input: Sleep Button as /devices/LNXSYSTM:00/LNXSLPBN:00/input/input1
[    0.311786] ACPI: button: Sleep Button [SLPF]
[    0.311821] ACPI: video: Video Device [GFX0] (multi-head: yes  rom: no  post: no)
[    0.311858] input: Video Bus as /devices/LNXSYSTM:00/LNXSYBUS:00/PNP0A03:00/LNXVIDEO:00/input/input2
[    0.313384] Serial: 8250/16550 driver, 4 ports, IRQ sharing enabled
[    0.314764] ACPI: battery: Slot [BAT0] (battery present)
[    0.314992] Non-volatile memory driver v1.3
[    0.314995] Linux agpgart interface v0.103
[    0.315055] ACPI: bus type drm_connector registered
[    0.317725] loop: module loaded
[    0.317771] ahci 0000:00:0d.0: version 3.0
[    0.318020] ahci 0000:00:0d.0: SSS flag set, parallel bus scan disabled
[    0.318130] ahci 0000:00:0d.0: AHCI vers 0001.0100, 32 command slots, 3 Gbps, SATA mode
[    0.318131] ahci 0000:00:0d.0: 2/2 ports implemented (port mask 0x3)
[    0.318132] ahci 0000:00:0d.0: flags: 64bit ncq stag only ccc 
[    0.319007] scsi host0: ahci
[    0.319276] scsi host1: ahci
[    0.319294] ata1: SATA max UDMA/133 abar m8192@0xe1624000 port 0xe1624100 irq 21 lpm-pol 0
[    0.319297] ata2: SATA max UDMA/133 abar m8192@0xe1624000 port 0xe1624180 irq 21 lpm-pol 0
[    0.319311] ata_piix 0000:00:01.1: version 2.13
[    0.319991] scsi host2: ata_piix
[    0.320242] scsi host3: ata_piix
[    0.320253] ata3: PATA max UDMA/33 cmd 0x1f0 ctl 0x3f6 bmdma 0xc180 irq 14 lpm-pol 0
[    0.320254] ata4: PATA max UDMA/33 cmd 0x170 ctl 0x376 bmdma 0xc188 irq 15 lpm-pol 0
[    0.320363] e100: Intel(R) PRO/100 Network Driver
[    0.320364] e100: Copyright(c) 1999-2006 Intel Corporation
[    0.320368] e1000: Intel(R) PRO/1000 Network Driver
[    0.320369] e1000: Copyright (c) 1999-2006 Intel Corporation.
[    0.454352] Freeing initrd memory: 16696K
[    0.590526] ata3.00: ATAPI: VBOX CD-ROM, 1.0, max UDMA/133
[    0.590850] ata4.00: ATAPI: VBOX CD-ROM, 1.0, max UDMA/133
[    0.633360] e1000 0000:00:03.0 eth0: (PCI:33MHz:32-bit) 08:00:27:b6:5b:a7
[    0.633360] e1000 0000:00:03.0 eth0: Intel(R) PRO/1000 Network Connection
[    0.633360] e1000e: Intel(R) PRO/1000 Network Driver
[    0.633360] e1000e: Copyright(c) 1999 - 2015 Intel Corporation.
[    0.633360] sky2: driver version 1.30
[    0.635765] ohci-pci 0000:00:06.0: OHCI PCI host controller
[    0.635970] ohci-pci 0000:00:06.0: new USB bus registered, assigned bus number 1
[    0.636015] ohci-pci 0000:00:06.0: irq 22, io mem 0xe1627000
[    0.702831] ata1: SATA link up 3.0 Gbps (SStatus 123 SControl 300)
[    0.703265] ata1.00: ATA-6: VBOX HARDDISK, 1.0, max UDMA/133
[    0.703270] ata1.00: 52428800 sectors, multi 128: LBA48 NCQ (depth 32)
[    0.703333] usb usb1: New USB device found, idVendor=1d6b, idProduct=0001, bcdDevice= 6.15
[    0.703336] usb usb1: New USB device strings: Mfr=3, Product=2, SerialNumber=1
[    0.703337] usb usb1: Product: OHCI PCI host controller
[    0.703338] usb usb1: Manufacturer: Linux 6.15.0 ohci_hcd
[    0.703338] usb usb1: SerialNumber: 0000:00:06.0
[    0.703620] hub 1-0:1.0: USB hub found
[    0.703630] hub 1-0:1.0: 12 ports detected
[    0.703756] ata1.00: configured for UDMA/133
[    0.703854] ehci-pci 0000:00:0b.0: EHCI Host Controller
[    0.703860] usbcore: registered new interface driver usblp
[    0.703866] usbcore: registered new interface driver usb-storage
[    0.703887] i8042: PNP: PS/2 Controller [PNP0303:PS2K,PNP0f03:PS2M] at 0x60,0x64 irq 1,12
[    0.703903] scsi 0:0:0:0: Direct-Access     ATA      VBOX HARDDISK    1.0  PQ: 0 ANSI: 5
[    0.703971] ehci-pci 0000:00:0b.0: new USB bus registered, assigned bus number 2
[    0.704238] ehci-pci 0000:00:0b.0: irq 19, io mem 0xe1626000
[    0.704543] serio: i8042 KBD port at 0x60,0x64 irq 1
[    0.704553] serio: i8042 AUX port at 0x60,0x64 irq 12
[    0.704718] scsi 0:0:0:0: Attached scsi generic sg0 type 0
[    0.704832] sd 0:0:0:0: [sda] 52428800 512-byte logical blocks: (26.8 GB/25.0 GiB)
[    0.704873] sd 0:0:0:0: [sda] Write Protect is off
[    0.704874] sd 0:0:0:0: [sda] Mode Sense: 00 3a 00 00
[    0.704894] sd 0:0:0:0: [sda] Write cache: enabled, read cache: enabled, doesn't support DPO or FUA
[    0.704907] sd 0:0:0:0: [sda] Preferred minimum I/O size 512 bytes
[    0.705485] rtc_cmos rtc_cmos: registered as rtc0
[    0.705528] rtc_cmos rtc_cmos: alarms up to one day, 114 bytes nvram
[    0.705595] input: AT Translated Set 2 keyboard as /devices/platform/i8042/serio0/input/input3
[    0.705667] device-mapper: ioctl: 4.49.0-ioctl (2025-01-17) initialised: dm-devel@lists.linux.dev
[    0.705672] intel_pstate: CPU model not supported
[    0.705871] simple-framebuffer simple-framebuffer.0: [drm] Registered 1 planes with drm panic
[    0.705872] [drm] Initialized simpledrm 1.0.0 for simple-framebuffer.0 on minor 0
[    0.708163] Console: switching to colour frame buffer device 128x48
[    0.708551] simple-framebuffer simple-framebuffer.0: [drm] fb0: simpledrmdrmfb frame buffer device
[    0.708878] hid: raw HID events driver (C) Jiri Kosina
[    0.708972] usbcore: registered new interface driver usbhid
[    0.708972] usbhid: USB HID core driver
[    0.709490] ehci-pci 0000:00:0b.0: USB 2.0 started, EHCI 1.00
[    0.709533] usb usb2: New USB device found, idVendor=1d6b, idProduct=0002, bcdDevice= 6.15
[    0.709536] usb usb2: New USB device strings: Mfr=3, Product=2, SerialNumber=1
[    0.709537] usb usb2: Product: EHCI Host Controller
[    0.709538] usb usb2: Manufacturer: Linux 6.15.0 ehci_hcd
[    0.709539] usb usb2: SerialNumber: 0000:00:0b.0
[    0.709804] hub 2-0:1.0: USB hub found
[    0.709809] hub 2-0:1.0: 12 ports detected
[    0.710238] Initializing XFRM netlink socket
[    0.710257] NET: Registered PF_INET6 protocol family
[    0.710728] Segment Routing with IPv6
[    0.710732] In-situ OAM (IOAM) with IPv6
[    0.710748] sit: IPv6, IPv4 and MPLS over IPv4 tunneling driver
[    0.710906] NET: Registered PF_PACKET protocol family
[    0.710932] 9pnet: Installing 9P2000 support
[    0.710962] Key type dns_resolver registered
[    0.711867] IPI shorthand broadcast: enabled
[    0.713326] sched_clock: Marking stable (711059276, 1344230)->(725136131, -12732625)
[    0.713743] registered taskstats version 1
[    0.713744] Loading compiled-in X.509 certificates
[    0.714726] sd 0:0:0:0: [sda] Attached SCSI disk
[    0.714792] Demotion targets for Node 0: null
[    0.714830] PM:   Magic number: 13:937:85
[    0.714885] printk: legacy console [netcon0] enabled
[    0.714886] netconsole: network logging started
[    0.714950] cfg80211: Loading compiled-in X.509 certificates for regulatory database
[    0.715989] input: ImExPS/2 Generic Explorer Mouse as /devices/platform/i8042/serio1/input/input5
[    0.717209] modprobe (124) used greatest stack depth: 13264 bytes left
[    0.718520] Loaded X.509 cert 'sforshee: 00b28ddf47aef9cea7'
[    0.718601] Loaded X.509 cert 'wens: 61c038651aabdcf94bd0ac7ff06c7248db18c600'
[    0.718613] ALSA device list:
[    0.718614]   No soundcards found.
[    0.718646] platform regulatory.0: Direct firmware load for regulatory.db failed with error -2
[    0.718647] cfg80211: failed to load regulatory.db
[    1.037637] ata2: SATA link up 3.0 Gbps (SStatus 123 SControl 300)
[    1.037838] ata2.00: ATA-6: VBOX HARDDISK, 1.0, max UDMA/133
[    1.037841] ata2.00: 120164352 sectors, multi 128: LBA48 NCQ (depth 32)
[    1.038362] ata2.00: configured for UDMA/133
[    1.038646] scsi 1:0:0:0: Direct-Access     ATA      VBOX HARDDISK    1.0  PQ: 0 ANSI: 5
[    1.039022] scsi 1:0:0:0: Attached scsi generic sg1 type 0
[    1.039251] sd 1:0:0:0: [sdb] 120164352 512-byte logical blocks: (61.5 GB/57.3 GiB)
[    1.039270] sd 1:0:0:0: [sdb] Write Protect is off
[    1.039272] sd 1:0:0:0: [sdb] Mode Sense: 00 3a 00 00
[    1.039279] sd 1:0:0:0: [sdb] Write cache: enabled, read cache: enabled, doesn't support DPO or FUA
[    1.039293] sd 1:0:0:0: [sdb] Preferred minimum I/O size 512 bytes
[    1.039658] scsi 2:0:0:0: CD-ROM            VBOX     CD-ROM           1.0  PQ: 0 ANSI: 5
[    1.040353] sr 2:0:0:0: [sr0] scsi3-mmc drive: 32x/32x xa/form2 tray
[    1.040357] cdrom: Uniform CD-ROM driver Revision: 3.20
[    1.042159] sr 2:0:0:0: Attached scsi CD-ROM sr0
[    1.042342] sr 2:0:0:0: Attached scsi generic sg2 type 5
[    1.042760] scsi 3:0:0:0: CD-ROM            VBOX     CD-ROM           1.0  PQ: 0 ANSI: 5
[    1.043744] sr 3:0:0:0: [sr1] scsi3-mmc drive: 32x/32x xa/form2 tray
[    1.045617] sr 3:0:0:0: Attached scsi CD-ROM sr1
[    1.045746] sr 3:0:0:0: Attached scsi generic sg3 type 5
[    1.129010]  sdb: sdb1 sdb2 sdb3 sdb4 sdb5
[    1.129650] sd 1:0:0:0: [sdb] Attached SCSI disk
[    1.130357] Freeing unused kernel image (initmem) memory: 2824K
[    1.130470] Write protecting the kernel read-only data: 28672k
[    1.131047] Freeing unused kernel image (text/rodata gap) memory: 1624K
[    1.131381] Freeing unused kernel image (rodata/data gap) memory: 800K
[    1.161651] x86/mm: Checked W+X mappings: passed, no W+X pages found.
[    1.161653] x86/mm: Checking user space page tables
[    1.190868] x86/mm: Checked W+X mappings: passed, no W+X pages found.
[    1.190877] usb 1-1: new full-speed USB device number 2 using ohci-pci
[    1.190912] Run /init as init process
[    1.190912]   with arguments:
[    1.190913]     /init
[    1.190913]   with environment:
[    1.190914]     HOME=/
[    1.190914]     TERM=linux
[    1.190914]     BOOT_IMAGE=/vmlinuz-6.15.0-lfs-12.3-systemd
[    1.200953] systemd-udevd (136) used greatest stack depth: 13016 bytes left
[    1.418085] usb 1-1: New USB device found, idVendor=80ee, idProduct=0021, bcdDevice= 1.00
[    1.418089] usb 1-1: New USB device strings: Mfr=1, Product=3, SerialNumber=0
[    1.418090] usb 1-1: Product: USB Tablet
[    1.418091] usb 1-1: Manufacturer: VirtualBox
[    1.429901] input: VirtualBox USB Tablet as /devices/pci0000:00/0000:00:06.0/usb1/1-1/1-1:1.0/0003:80EE:0021.0001/input/input6
[    1.430108] hid-generic 0003:80EE:0021.0001: input,hidraw0: USB HID v1.10 Mouse [VirtualBox USB Tablet] on usb-0000:00:06.0-1/input0
[    7.285731] (udev-worker) (164) used greatest stack depth: 12872 bytes left
[    7.457897] EXT4-fs (sdb4): orphan cleanup on readonly fs
[    7.458099] EXT4-fs (sdb4): mounted filesystem ffd5ccc4-5ff0-4328-87f8-aec9535e89fe ro with ordered data mode. Quota mode: none.
[   10.787035] systemd[1]: systemd 257.6 running in system mode (+PAM -AUDIT -SELINUX -APPARMOR +IMA +IPE +SMACK -SECCOMP -GCRYPT -GNUTLS +OPENSSL +ACL +BLKID +CURL -ELFUTILS -FIDO2 +IDN2 -IDN -IPTC +KMOD -LIBCRYPTSETUP -LIBCRYPTSETUP_PLUGINS +LIBFDISK +PCRE2 +PWQUALITY +P11KIT -QRENCODE -TPM2 +BZIP2 +LZ4 +XZ +ZLIB +ZSTD -BPF_FRAMEWORK -BTF +XKBCOMMON +UTMP +SYSVINIT +LIBARCHIVE)
[   10.787037] systemd[1]: Detected virtualization oracle.
[   10.787045] systemd[1]: Detected architecture x86-64.
[   10.807475] systemd[1]: Hostname set to <minsepar>.
[   11.240713] systemd-fstab-g (224) used greatest stack depth: 12848 bytes left
[   11.266066] modprobe (235) used greatest stack depth: 12792 bytes left
[   11.529565] systemd[1]: /etc/systemd/system/sshd.service:3: Failed to add dependency on network.targer, ignoring: Invalid argument
[   11.753605] systemd[1]: Queued start job for default target Graphical Interface.
[   12.190521] systemd[1]: Created slice Slice /system/getty.
[   12.190695] systemd[1]: Created slice Slice /system/modprobe.
[   12.190814] systemd[1]: Created slice Slice /system/systemd-fsck.
[   12.190909] systemd[1]: Created slice User and Session Slice.
[   12.190945] systemd[1]: Started Dispatch Password Requests to Console Directory Watch.
[   12.190963] systemd[1]: Started Forward Password Requests to Wall Directory Watch.
[   12.191058] systemd[1]: Set up automount Arbitrary Executable File Formats File System Automount Point.
[   12.191077] systemd[1]: Reached target Remote File Systems.
[   12.191085] systemd[1]: Reached target Slice Units.
[   12.191092] systemd[1]: Reached target Swaps.
[   12.191098] systemd[1]: Reached target System Time Set.
[   12.202451] systemd[1]: Listening on Process Core Dump Socket.
[   12.205017] systemd[1]: Listening on Credential Encryption/Decryption.
[   12.205077] systemd[1]: Listening on initctl Compatibility Named Pipe.
[   12.205499] systemd[1]: Listening on Journal Audit Socket.
[   12.205546] systemd[1]: Listening on Journal Socket (/dev/log).
[   12.205589] systemd[1]: Listening on Journal Sockets.
[   12.205610] systemd[1]: Listening on DDI File System Mounter Socket.
[   12.205663] systemd[1]: Listening on Network Service Netlink Socket.
[   12.205693] systemd[1]: Listening on Namespace Resource Manager Socket.
[   12.205741] systemd[1]: Listening on Userspace Out-Of-Memory (OOM) Killer Socket.
[   12.205773] systemd[1]: Listening on udev Control Socket.
[   12.205790] systemd[1]: Listening on udev Kernel Socket.
[   12.208912] systemd[1]: Mounting Huge Pages File System...
[   12.209373] systemd[1]: Mounting POSIX Message Queue File System...
[   12.209897] systemd[1]: Mounting Kernel Debug File System...
[   12.210856] systemd[1]: Mounting Kernel Trace File System...
[   12.214304] systemd[1]: tmp.mount: Directory /tmp to mount over is not empty, mounting anyway.
[   12.215097] systemd[1]: Mounting Temporary Directory /tmp...
[   12.215146] systemd[1]: Create List of Static Device Nodes was skipped because of an unmet condition check (ConditionFileNotEmpty=/lib/modules/6.15.0/modules.devname).
[   12.228344] systemd[1]: Starting Load Kernel Module configfs...
[   12.228922] systemd[1]: Starting Load Kernel Module dm_mod...
[   12.229406] systemd[1]: Starting Load Kernel Module drm...
[   12.229947] systemd[1]: Starting Load Kernel Module efi_pstore...
[   12.230353] systemd[1]: Starting Load Kernel Module fuse...
[   12.230949] systemd[1]: Starting Load Kernel Module loop...
[   12.231561] systemd[1]: Starting File System Check on Root Device...
[   12.231583] systemd[1]: Clear Stale Hibernate Storage Info was skipped because of an unmet condition check (ConditionPathExists=/sys/firmware/efi/efivars/HibernateLocation-8cf2644b-4b0b-428f-9387-6d876050dc67).
[   12.231664] systemd[1]: systemd-journald.service: unit configures an IP firewall, but the local system does not support BPF/cgroup firewalling.
[   12.231666] systemd[1]: systemd-journald.service: (This warning is only shown for the first unit using IP firewalling.)
[   12.232157] systemd[1]: Starting Journal Service...
[   12.246759] systemd[1]: Load Kernel Modules was skipped because no trigger condition checks were met.
[   12.247643] systemd[1]: Starting Generate network units from Kernel command line...
[   12.248141] systemd[1]: Starting Userspace Out-Of-Memory (OOM) Killer...
[   12.248563] systemd[1]: Starting Apply Kernel Variables...
[   12.249077] systemd[1]: Starting Create Static Device Nodes in /dev gracefully...
[   12.249499] systemd[1]: Starting Load udev Rules from Credentials...
[   12.249856] systemd[1]: Starting Coldplug All udev Devices...
[   12.250962] systemd[1]: modprobe@configfs.service: Deactivated successfully.
[   12.257959] systemd[1]: Finished Load Kernel Module configfs.
[   12.258524] systemd[1]: modprobe@dm_mod.service: Deactivated successfully.
[   12.258618] systemd[1]: Finished Load Kernel Module dm_mod.
[   12.258738] systemd[1]: modprobe@drm.service: Deactivated successfully.
[   12.258836] systemd[1]: Finished Load Kernel Module drm.
[   12.259461] systemd[1]: modprobe@efi_pstore.service: Deactivated successfully.
[   12.259535] systemd[1]: Finished Load Kernel Module efi_pstore.
[   12.259643] systemd[1]: modprobe@fuse.service: Deactivated successfully.
[   12.259706] systemd[1]: Finished Load Kernel Module fuse.
[   12.259792] systemd[1]: modprobe@loop.service: Deactivated successfully.
[   12.259852] systemd[1]: Finished Load Kernel Module loop.
[   12.259919] systemd[1]: Repartition Root Disk was skipped because no trigger condition checks were met.
[   12.302982] systemd[1]: Finished Generate network units from Kernel command line.
[   12.303038] systemd[1]: Reached target Preparation for Network.
[   12.315691] systemd-journald[250]: Collecting audit messages is enabled.
[   12.330641] systemd[1]: Started Journal Service.
[   12.370693] mount (238) used greatest stack depth: 12488 bytes left
[   13.173717] EXT4-fs (sdb4): re-mounted ffd5ccc4-5ff0-4328-87f8-aec9535e89fe r/w.
[   14.117050] systemd-journald[250]: Received client request to flush runtime journal.
[   14.446956] EXT4-fs (sdb2): mounted filesystem 85bc0315-6789-4d1a-91a4-b01e7ee462f3 r/w with ordered data mode. Quota mode: none.
[   14.535513] FAT-fs (sdb1): Volume was not properly unmounted. Some data may be corrupt. Please run fsck.
[   14.945443] vboxguest: loading out-of-tree module taints kernel.
[   14.948550] vgdrvHeartbeatInit: Setting up heartbeat to trigger every 2000 milliseconds
[   14.948627] Host supports full mouse state reporting, switching to extended mouse integration protocol
[   14.948665] input: VirtualBox mouse integration as /devices/pci0000:00/0000:00:04.0/input/input7
[   14.949126] vboxguest: Successfully loaded version 7.1.10 r169112
[   14.949138] vboxguest: misc device minor 125, IRQ 20, I/O port c140, MMIO at 00000000e1000000 (size 0x400000)
[   14.949144] vboxguest: Successfully loaded version 7.1.10 r169112 (interface 0x00010004)
[   15.183020] e1000 0000:00:03.0 enp0s3: renamed from eth0
[   18.189512] journal-offline (372) used greatest stack depth: 12008 bytes left
[   20.437140] 16:06:23.459125 main     VBoxService 7.1.10 r169112 (verbosity: 0) linux.amd64 (Jun  3 2025 13:12:37) release log
               16:06:23.459127 main     Log opened 2025-06-23T16:06:23.459121000Z
[   20.437184] 16:06:23.459218 main     OS Product: Linux
[   20.437207] 16:06:23.459246 main     OS Release: 6.15.0
[   20.437230] 16:06:23.459269 main     OS Version: #5 SMP PREEMPT_DYNAMIC Mon Jun 23 15:51:54 GMT 2025
[   20.437257] 16:06:23.459292 main     Executable: /opt/VBoxGuestAdditions-7.1.10/sbin/VBoxService
               16:06:23.459292 main     Process ID: 510
               16:06:23.459293 main     Package type: LINUX_64BITS_GENERIC
[   20.443900] 16:06:23.465898 main     7.1.10 r169112 started. Verbose level = 0
[   20.450475] 16:06:23.472464 main     vbglR3GuestCtrlDetectPeekGetCancelSupport: Supported (#1)
[   21.312699] e1000: enp0s3 NIC Link is Up 1000 Mbps Full Duplex, Flow Control: RX
[   21.491241] audit: type=1325 audit(1750694784.511:2): table=filter family=2 entries=0 op=xt_register pid=552 subj=kernel comm="iptables"
[   21.491370] audit: type=1300 audit(1750694784.511:2): arch=c000003e syscall=55 success=yes exit=0 a0=4 a1=0 a2=40 a3=7fff9c3c42f0 items=0 ppid=537 pid=552 auid=4294967295 uid=0 gid=0 euid=0 suid=0 fsuid=0 egid=0 sgid=0 fsgid=0 tty=(none) ses=4294967295 comm="iptables" exe="/usr/sbin/xtables-legacy-multi" subj=kernel key=(null)
[   21.491372] audit: type=1327 audit(1750694784.511:2): proctitle=69707461626C6573002D5000494E50555400414343455054
[   21.491486] audit: type=1325 audit(1750694784.511:3): table=filter family=2 entries=4 op=xt_replace pid=552 subj=kernel comm="iptables"
[   21.491488] audit: type=1300 audit(1750694784.511:3): arch=c000003e syscall=54 success=yes exit=0 a0=4 a1=0 a2=40 a3=556c0d19b8b0 items=0 ppid=537 pid=552 auid=4294967295 uid=0 gid=0 euid=0 suid=0 fsuid=0 egid=0 sgid=0 fsgid=0 tty=(none) ses=4294967295 comm="iptables" exe="/usr/sbin/xtables-legacy-multi" subj=kernel key=(null)
[   21.491489] audit: type=1327 audit(1750694784.511:3): proctitle=69707461626C6573002D5000494E50555400414343455054
[   21.493186] audit: type=1325 audit(1750694784.514:4): table=filter family=2 entries=4 op=xt_replace pid=553 subj=kernel comm="iptables"
[   21.493190] audit: type=1300 audit(1750694784.514:4): arch=c000003e syscall=54 success=yes exit=0 a0=4 a1=0 a2=40 a3=55eba5ddd8b0 items=0 ppid=537 pid=553 auid=4294967295 uid=0 gid=0 euid=0 suid=0 fsuid=0 egid=0 sgid=0 fsgid=0 tty=(none) ses=4294967295 comm="iptables" exe="/usr/sbin/xtables-legacy-multi" subj=kernel key=(null)
[   21.493191] audit: type=1327 audit(1750694784.514:4): proctitle=69707461626C6573002D5000464F525741524400414343455054
[   21.493978] audit: type=1325 audit(1750694784.515:5): table=filter family=2 entries=4 op=xt_replace pid=554 subj=kernel comm="iptables"
[   26.657836] kauditd_printk_skb: 32 callbacks suppressed
[   26.657839] audit: type=1006 audit(1750694789.674:16): pid=580 uid=0 subj=kernel old-auid=4294967295 auid=1000 tty=(none) old-ses=4294967295 ses=2 res=1
[   26.657843] audit: type=1300 audit(1750694789.674:16): arch=c000003e syscall=1 success=yes exit=4 a0=7 a1=7ffce1ee44b0 a2=4 a3=0 items=0 ppid=1 pid=580 auid=1000 uid=0 gid=0 euid=0 suid=0 fsuid=0 egid=0 sgid=0 fsgid=0 tty=(none) ses=2 comm="(systemd)" exe="/usr/lib/systemd/systemd-executor" subj=kernel key=(null)
[   26.657845] audit: type=1327 audit(1750694789.674:16): proctitle="(systemd)"
[  220.079750] clocksource: Long readout interval, skipping watchdog check: cs_nsec: 1333990507 wd_nsec: 1333989217
