[    0.000000] Linux version 6.16.0-thor_version-g5b4b70fc7832 (root@minsepar) (gcc (GCC) 15.1.0, GNU ld (GNU Binutils) 2.44) #3 SMP PREEMPT_DYNAMIC Mon Jun 23 12:51:55 GMT 2025
[    0.000000] Command line: BOOT_IMAGE=/vmlinuz-6.16.0-lfs-12.3-systemd root=UUID=ffd5ccc4-5ff0-4328-87f8-aec9535e89fe ro rootwait rootdelay=5 quiet
[    0.000000] BIOS-provided physical RAM map:
[    0.000000] BIOS-e820: [mem 0x0000000000000000-0x000000000009ffff] usable
[    0.000000] BIOS-e820: [mem 0x0000000000100000-0x00000000de55ffff] usable
[    0.000000] BIOS-e820: [mem 0x00000000de560000-0x00000000de5a8fff] reserved
[    0.000000] BIOS-e820: [mem 0x00000000de5a9000-0x00000000deaecfff] usable
[    0.000000] BIOS-e820: [mem 0x00000000deaed000-0x00000000ded6cfff] reserved
[    0.000000] BIOS-e820: [mem 0x00000000ded6d000-0x00000000ded7efff] ACPI data
[    0.000000] BIOS-e820: [mem 0x00000000ded7f000-0x00000000dedfefff] ACPI NVS
[    0.000000] BIOS-e820: [mem 0x00000000dedff000-0x00000000df16dfff] usable
[    0.000000] BIOS-e820: [mem 0x00000000df16e000-0x00000000dffeffff] reserved
[    0.000000] BIOS-e820: [mem 0x00000000ffc00000-0x00000000ffffffff] reserved
[    0.000000] BIOS-e820: [mem 0x0000000100000000-0x000000022dcfffff] usable
[    0.000000] NX (Execute Disable) protection: active
[    0.000000] APIC: Static calls initialized
[    0.000000] efi: EFI v2.7 by EDK II
[    0.000000] efi: ACPI=0xded7e000 ACPI 2.0=0xded7e014 SMBIOS=0xdedfd000 INITRD=0xdd44fd18 RNG=0xded75018 
[    0.000000] random: crng init done
[    0.000000] efi: Remove mem128: MMIO range=[0xffc00000-0xffffffff] (4MB) from e820 map
[    0.000000] e820: remove [mem 0xffc00000-0xffffffff] reserved
[    0.000000] SMBIOS 2.5 present.
[    0.000000] DMI: innotek GmbH VirtualBox/VirtualBox, BIOS VirtualBox 12/01/2006
[    0.000000] DMI: Memory slots populated: 0/0
[    0.000000] Hypervisor detected: KVM
[    0.000000] kvm-clock: Using msrs 4b564d01 and 4b564d00
[    0.000000] kvm-clock: using sched offset of 4551583370 cycles
[    0.000002] clocksource: kvm-clock: mask: 0xffffffffffffffff max_cycles: 0x1cd42e4dffb, max_idle_ns: 881590591483 ns
[    0.000003] tsc: Detected 2495.998 MHz processor
[    0.000353] e820: update [mem 0x00000000-0x00000fff] usable ==> reserved
[    0.000354] e820: remove [mem 0x000a0000-0x000fffff] usable
[    0.000357] last_pfn = 0x22dd00 max_arch_pfn = 0x400000000
[    0.000395] MTRR map: 7 entries (3 fixed + 4 variable; max 35), built from 16 variable MTRRs
[    0.000397] x86/PAT: Configuration [0-7]: WB  WC  UC- UC  WB  WP  UC- WT  
[    0.000466] e820: update [mem 0xe0000000-0xffffffff] usable ==> reserved
[    0.000469] last_pfn = 0xdf16e max_arch_pfn = 0x400000000
[    0.023243] Secure boot disabled
[    0.023244] RAMDISK: [mem 0xd811c000-0xd916dfff]
[    0.023248] ACPI: Early table checksum verification disabled
[    0.023251] ACPI: RSDP 0x00000000DED7E014 000024 (v02 VBOX  )
[    0.023254] ACPI: XSDT 0x00000000DED7D0E8 000044 (v01 VBOX   VBOXFACP 00000001      01000013)
[    0.023260] ACPI: FACP 0x00000000DED79000 0000F4 (v04 VBOX   VBOXFACP 00000001 ASL  00000061)
[    0.023263] ACPI: DSDT 0x00000000DED7A000 002353 (v02 VBOX   VBOXBIOS 00000002 INTL 20230628)
[    0.023266] ACPI: FACS 0x00000000DEDFE000 000040
[    0.023268] ACPI: APIC 0x00000000DED78000 00009C (v02 VBOX   VBOXAPIC 00000001 ASL  00000061)
[    0.023270] ACPI: SSDT 0x00000000DED77000 00036C (v01 VBOX   VBOXCPUT 00000002 INTL 20230628)
[    0.023272] ACPI: BGRT 0x00000000DED76000 000038 (v01 INTEL  EDK2     00000002      01000013)
[    0.023273] ACPI: Reserving FACP table memory at [mem 0xded79000-0xded790f3]
[    0.023274] ACPI: Reserving DSDT table memory at [mem 0xded7a000-0xded7c352]
[    0.023274] ACPI: Reserving FACS table memory at [mem 0xdedfe000-0xdedfe03f]
[    0.023275] ACPI: Reserving APIC table memory at [mem 0xded78000-0xded7809b]
[    0.023275] ACPI: Reserving SSDT table memory at [mem 0xded77000-0xded7736b]
[    0.023275] ACPI: Reserving BGRT table memory at [mem 0xded76000-0xded76037]
[    0.023390] No NUMA configuration found
[    0.023390] Faking a node at [mem 0x0000000000000000-0x000000022dcfffff]
[    0.023392] NODE_DATA(0) allocated [mem 0x22dcfc200-0x22dcfffff]
[    0.023509] Zone ranges:
[    0.023510]   DMA      [mem 0x0000000000001000-0x0000000000ffffff]
[    0.023511]   DMA32    [mem 0x0000000001000000-0x00000000ffffffff]
[    0.023511]   Normal   [mem 0x0000000100000000-0x000000022dcfffff]
[    0.023512] Movable zone start for each node
[    0.023513] Early memory node ranges
[    0.023513]   node   0: [mem 0x0000000000001000-0x000000000009ffff]
[    0.023514]   node   0: [mem 0x0000000000100000-0x00000000de55ffff]
[    0.023514]   node   0: [mem 0x00000000de5a9000-0x00000000deaecfff]
[    0.023515]   node   0: [mem 0x00000000dedff000-0x00000000df16dfff]
[    0.023515]   node   0: [mem 0x0000000100000000-0x000000022dcfffff]
[    0.023516] Initmem setup node 0 [mem 0x0000000000001000-0x000000022dcfffff]
[    0.023718] On node 0, zone DMA: 1 pages in unavailable ranges
[    0.023731] On node 0, zone DMA: 96 pages in unavailable ranges
[    0.032483] On node 0, zone DMA32: 73 pages in unavailable ranges
[    0.032491] On node 0, zone DMA32: 786 pages in unavailable ranges
[    0.044876] On node 0, zone Normal: 3730 pages in unavailable ranges
[    0.044907] On node 0, zone Normal: 8960 pages in unavailable ranges
[    0.045142] ACPI: PM-Timer IO Port: 0x4008
[    0.045183] IOAPIC[0]: apic_id 10, version 32, address 0xfec00000, GSI 0-23
[    0.045185] ACPI: INT_SRC_OVR (bus 0 bus_irq 0 global_irq 2 dfl dfl)
[    0.045187] ACPI: INT_SRC_OVR (bus 0 bus_irq 9 global_irq 9 low level)
[    0.045190] ACPI: Using ACPI (MADT) for SMP configuration information
[    0.045198] e820: update [mem 0xdd408000-0xdd428fff] usable ==> reserved
[    0.045207] CPU topo: Max. logical packages:   1
[    0.045207] CPU topo: Max. logical dies:       1
[    0.045208] CPU topo: Max. dies per package:   1
[    0.045210] CPU topo: Max. threads per core:   1
[    0.045211] CPU topo: Num. cores per package:    10
[    0.045212] CPU topo: Num. threads per package:  10
[    0.045212] CPU topo: Allowing 10 present CPUs plus 0 hotplug CPUs
[    0.045227] PM: hibernation: Registered nosave memory: [mem 0x00000000-0x00000fff]
[    0.045228] PM: hibernation: Registered nosave memory: [mem 0x000a0000-0x000fffff]
[    0.045230] PM: hibernation: Registered nosave memory: [mem 0xdd408000-0xdd428fff]
[    0.045230] PM: hibernation: Registered nosave memory: [mem 0xde560000-0xde5a8fff]
[    0.045231] PM: hibernation: Registered nosave memory: [mem 0xdeaed000-0xdedfefff]
[    0.045231] PM: hibernation: Registered nosave memory: [mem 0xdf16e000-0xffffffff]
[    0.045232] [mem 0xdfff0000-0xffffffff] available for PCI devices
[    0.045233] Booting paravirtualized kernel on KVM
[    0.045234] clocksource: refined-jiffies: mask: 0xffffffff max_cycles: 0xffffffff, max_idle_ns: 1910969940391419 ns
[    0.049586] setup_percpu: NR_CPUS:64 nr_cpumask_bits:10 nr_cpu_ids:10 nr_node_ids:1
[    0.050493] percpu: Embedded 52 pages/cpu s172696 r8192 d32104 u524288
[    0.050497] pcpu-alloc: s172696 r8192 d32104 u524288 alloc=1*2097152
[    0.050499] pcpu-alloc: [0] 00 01 02 03 [0] 04 05 06 07 
[    0.050501] pcpu-alloc: [0] 08 09 -- -- 
[    0.050523] Kernel command line: BOOT_IMAGE=/vmlinuz-6.16.0-lfs-12.3-systemd root=UUID=ffd5ccc4-5ff0-4328-87f8-aec9535e89fe ro rootwait rootdelay=5 quiet
[    0.050548] Unknown kernel command line parameters "BOOT_IMAGE=/vmlinuz-6.16.0-lfs-12.3-systemd", will be passed to user space.
[    0.050558] printk: log buffer data + meta data: 262144 + 917504 = 1179648 bytes
[    0.051764] Dentry cache hash table entries: 1048576 (order: 11, 8388608 bytes, linear)
[    0.052332] Inode-cache hash table entries: 524288 (order: 10, 4194304 bytes, linear)
[    0.052482] software IO TLB: area num 16.
[    0.066892] Fallback order for Node 0: 0 
[    0.066898] Built 1 zonelists, mobility grouping on.  Total pages: 2149042
[    0.066899] Policy zone: Normal
[    0.066901] mem auto-init: stack:all(zero), heap alloc:off, heap free:off
[    0.079684] SLUB: HWalign=64, Order=0-3, MinObjects=0, CPUs=10, Nodes=1
[    0.079697] Kernel/User page tables isolation: enabled
[    0.080709] Dynamic Preempt: voluntary
[    0.080949] rcu: Preemptible hierarchical RCU implementation.
[    0.080950] rcu: 	RCU event tracing is enabled.
[    0.080950] rcu: 	RCU restricting CPUs from NR_CPUS=64 to nr_cpu_ids=10.
[    0.080952] 	Trampoline variant of Tasks RCU enabled.
[    0.080952] 	Tracing variant of Tasks RCU enabled.
[    0.080952] rcu: RCU calculated value of scheduler-enlistment delay is 100 jiffies.
[    0.080953] rcu: Adjusting geometry for rcu_fanout_leaf=16, nr_cpu_ids=10
[    0.080958] RCU Tasks: Setting shift to 4 and lim to 1 rcu_task_cb_adjust=1 rcu_task_cpu_ids=10.
[    0.080960] RCU Tasks Trace: Setting shift to 4 and lim to 1 rcu_task_cb_adjust=1 rcu_task_cpu_ids=10.
[    0.082767] NR_IRQS: 4352, nr_irqs: 504, preallocated irqs: 16
[    0.082932] rcu: srcu_init: Setting srcu_struct sizes based on contention.
[    0.083280] Console: colour dummy device 80x25
[    0.083282] printk: legacy console [tty0] enabled
[    0.083301] ACPI: Core revision 20250404
[    0.083361] APIC: Switch to symmetric I/O mode setup
[    0.083542] x2apic enabled
[    0.083741] APIC: Switched APIC routing to: physical x2apic
[    0.084581] ..TIMER: vector=0x30 apic1=0 pin1=2 apic2=-1 pin2=-1
[    0.084609] clocksource: tsc-early: mask: 0xffffffffffffffff max_cycles: 0x23fa754787d, max_idle_ns: 440795210092 ns
[    0.084612] Calibrating delay loop (skipped) preset value.. 4991.99 BogoMIPS (lpj=2495998)
[    0.084707] Last level iTLB entries: 4KB 0, 2MB 0, 4MB 0
[    0.084707] Last level dTLB entries: 4KB 0, 2MB 0, 4MB 0, 1GB 0
[    0.084712] Speculative Store Bypass: Vulnerable
[    0.084713] Spectre V2 : Mitigation: Retpolines
[    0.084713] ITS: Mitigation: Aligned branch/return thunks
[    0.084713] MDS: Mitigation: Clear CPU buffers
[    0.084714] Register File Data Sampling: Vulnerable: No microcode
[    0.084714] Spectre V1 : Mitigation: usercopy/swapgs barriers and __user pointer sanitization
[    0.084715] Spectre V2 : Spectre v2 / SpectreRSB: Filling RSB on context switch and VMEXIT
[    0.084725] x86/fpu: Supporting XSAVE feature 0x001: 'x87 floating point registers'
[    0.084726] x86/fpu: Supporting XSAVE feature 0x002: 'SSE registers'
[    0.084726] x86/fpu: Supporting XSAVE feature 0x004: 'AVX registers'
[    0.084727] x86/fpu: xstate_offset[2]:  576, xstate_sizes[2]:  256
[    0.084728] x86/fpu: Enabled xstate features 0x7, context size is 832 bytes, using 'standard' format.
[    0.097345] Freeing SMP alternatives memory: 56K
[    0.097352] pid_max: default: 32768 minimum: 301
[    0.098098] LSM: initializing lsm=capability,selinux
[    0.098113] SELinux:  Initializing.
[    0.098618] Mount-cache hash table entries: 16384 (order: 5, 131072 bytes, linear)
[    0.098625] Mountpoint-cache hash table entries: 16384 (order: 5, 131072 bytes, linear)
[    0.200851] smpboot: CPU0: 13th Gen Intel(R) Core(TM) i5-1335U (family: 0x6, model: 0xba, stepping: 0x3)
[    0.200995] Performance Events: unsupported CPU family 6 model 186 no PMU driver, software events only.
[    0.201020] signal: max sigframe size: 1776
[    0.201036] rcu: Hierarchical SRCU implementation.
[    0.201037] rcu: 	Max phase no-delay instances is 400.
[    0.201059] Timer migration: 2 hierarchy levels; 8 children per group; 2 crossnode level
[    0.203734] smp: Bringing up secondary CPUs ...
[    0.203789] smpboot: x86: Booting SMP configuration:
[    0.203790] .... node  #0, CPUs:        #1  #2  #3  #4  #5  #6  #7  #8  #9
[    0.217870] smp: Brought up 1 node, 10 CPUs
[    0.217874] smpboot: Total of 10 processors activated (49919.96 BogoMIPS)
[    0.219669] Memory: 8314072K/8596168K available (19115K kernel code, 2911K rwdata, 7468K rodata, 2844K init, 888K bss, 274464K reserved, 0K cma-reserved)
[    0.220920] devtmpfs: initialized
[    0.221731] ACPI: PM: Registering ACPI NVS region [mem 0xded7f000-0xdedfefff] (524288 bytes)
[    0.221731] clocksource: jiffies: mask: 0xffffffff max_cycles: 0xffffffff, max_idle_ns: 1911260446275000 ns
[    0.221731] posixtimers hash table entries: 8192 (order: 5, 131072 bytes, linear)
[    0.221731] futex hash table entries: 4096 (262144 bytes on 1 NUMA nodes, total 256 KiB, linear).
[    0.221747] PM: RTC time: 12:54:43, date: 2025-06-23
[    0.221952] NET: Registered PF_NETLINK/PF_ROUTE protocol family
[    0.222016] audit: initializing netlink subsys (disabled)
[    0.222043] audit: type=2000 audit(1750683288.434:1): state=initialized audit_enabled=0 res=1
[    0.222635] thermal_sys: Registered thermal governor 'step_wise'
[    0.222643] cpuidle: using governor menu
[    0.222774] PCI: Using configuration type 1 for base access
[    0.222839] kprobes: kprobe jump-optimization is enabled. All kprobes are optimized if possible.
[    0.222883] HugeTLB: allocation took 0ms with hugepage_allocation_threads=2
[    0.222883] HugeTLB: registered 2.00 MiB page size, pre-allocated 0 pages
[    0.222883] HugeTLB: 28 KiB vmemmap can be freed for a 2.00 MiB page
[    0.227709] ACPI: Added _OSI(Module Device)
[    0.227711] ACPI: Added _OSI(Processor Device)
[    0.227711] ACPI: Added _OSI(Processor Aggregator Device)
[    0.228264] ACPI: 2 ACPI AML tables successfully acquired and loaded
[    0.228967] ACPI: Interpreter enabled
[    0.228973] ACPI: PM: (supports S0 S5)
[    0.228974] ACPI: Using IOAPIC for interrupt routing
[    0.229033] PCI: Using host bridge windows from ACPI; if necessary, use "pci=nocrs" and report a bug
[    0.229034] PCI: Using E820 reservations for host bridge windows
[    0.229072] ACPI: Enabled 2 GPEs in block 00 to 07
[    0.230925] ACPI: PCI Root Bridge [PCI0] (domain 0000 [bus 00-ff])
[    0.230928] acpi PNP0A03:00: _OSC: OS supports [ASPM ClockPM Segments MSI HPX-Type3]
[    0.230929] acpi PNP0A03:00: _OSC: not requesting OS control; OS requires [ExtendedConfig ASPM ClockPM MSI]
[    0.231046] acpi PNP0A03:00: fail to add MMCONFIG information, can't access extended configuration space under this bridge
[    0.231096] PCI host bridge to bus 0000:00
[    0.231097] pci_bus 0000:00: root bus resource [io  0x0000-0x0cf7 window]
[    0.231098] pci_bus 0000:00: root bus resource [io  0x0d00-0xffff window]
[    0.231099] pci_bus 0000:00: root bus resource [mem 0x000a0000-0x000bffff window]
[    0.231100] pci_bus 0000:00: root bus resource [mem 0xe0000000-0xfdffffff window]
[    0.231100] pci_bus 0000:00: root bus resource [bus 00-ff]
[    0.231186] pci 0000:00:00.0: [8086:1237] type 00 class 0x060000 conventional PCI endpoint
[    0.231475] pci 0000:00:01.0: [8086:7000] type 00 class 0x060100 conventional PCI endpoint
[    0.231746] pci 0000:00:01.1: [8086:7111] type 00 class 0x01018a conventional PCI endpoint
[    0.231931] pci 0000:00:01.1: BAR 4 [io  0xc180-0xc18f]
[    0.231953] pci 0000:00:01.1: BAR 0 [io  0x01f0-0x01f7]: legacy IDE quirk
[    0.231954] pci 0000:00:01.1: BAR 1 [io  0x03f6]: legacy IDE quirk
[    0.231955] pci 0000:00:01.1: BAR 2 [io  0x0170-0x0177]: legacy IDE quirk
[    0.231955] pci 0000:00:01.1: BAR 3 [io  0x0376]: legacy IDE quirk
[    0.232038] pci 0000:00:02.0: [15ad:0405] type 00 class 0x030000 conventional PCI endpoint
[    0.234807] pci 0000:00:02.0: BAR 0 [io  0xc170-0xc17f]
[    0.234819] pci 0000:00:02.0: BAR 1 [mem 0xe0000000-0xe0ffffff pref]
[    0.234825] pci 0000:00:02.0: BAR 2 [mem 0xe1400000-0xe15fffff]
[    0.238742] pci 0000:00:02.0: Video device with shadowed ROM at [mem 0x000c0000-0x000dffff]
[    0.239120] pci 0000:00:03.0: [8086:100e] type 00 class 0x020000 conventional PCI endpoint
[    0.241693] pci 0000:00:03.0: BAR 0 [mem 0xe1600000-0xe161ffff]
[    0.241725] pci 0000:00:03.0: BAR 2 [io  0xc1a0-0xc1a7]
[    0.242409] pci 0000:00:04.0: [80ee:cafe] type 00 class 0x088000 conventional PCI endpoint
[    0.245865] pci 0000:00:04.0: BAR 0 [io  0xc140-0xc15f]
[    0.245888] pci 0000:00:04.0: BAR 1 [mem 0xe1000000-0xe13fffff]
[    0.245901] pci 0000:00:04.0: BAR 2 [mem 0xe1620000-0xe1623fff pref]
[    0.246281] pci 0000:00:05.0: [8086:2415] type 00 class 0x040100 conventional PCI endpoint
[    0.246927] pci 0000:00:05.0: BAR 0 [io  0xc000-0xc0ff]
[    0.246940] pci 0000:00:05.0: BAR 1 [io  0xc100-0xc13f]
[    0.247198] pci 0000:00:06.0: [106b:003f] type 00 class 0x0c0310 conventional PCI endpoint
[    0.250676] pci 0000:00:06.0: BAR 0 [mem 0xe1627000-0xe1627fff]
[    0.251078] pci 0000:00:07.0: [8086:7113] type 00 class 0x068000 conventional PCI endpoint
[    0.251300] pci 0000:00:07.0: quirk: [io  0x4000-0x403f] claimed by PIIX4 ACPI
[    0.251306] pci 0000:00:07.0: quirk: [io  0x4100-0x410f] claimed by PIIX4 SMB
[    0.251433] pci 0000:00:0b.0: [8086:265c] type 00 class 0x0c0320 conventional PCI endpoint
[    0.253763] pci 0000:00:0b.0: BAR 0 [mem 0xe1626000-0xe1626fff]
[    0.254726] pci 0000:00:0d.0: [8086:2829] type 00 class 0x010601 conventional PCI endpoint
[    0.257720] pci 0000:00:0d.0: BAR 0 [io  0xc198-0xc19f]
[    0.257732] pci 0000:00:0d.0: BAR 1 [io  0xc1ac-0xc1af]
[    0.257737] pci 0000:00:0d.0: BAR 2 [io  0xc190-0xc197]
[    0.257742] pci 0000:00:0d.0: BAR 3 [io  0xc1a8-0xc1ab]
[    0.258611] pci 0000:00:0d.0: BAR 4 [io  0xc160-0xc16f]
[    0.258617] pci 0000:00:0d.0: BAR 5 [mem 0xe1624000-0xe1625fff]
[    0.259372] ACPI: PCI: Interrupt link LNKA configured for IRQ 10
[    0.259633] ACPI: PCI: Interrupt link LNKB configured for IRQ 10
[    0.259665] ACPI: PCI: Interrupt link LNKC configured for IRQ 11
[    0.259697] ACPI: PCI: Interrupt link LNKD configured for IRQ 11
[    0.259807] iommu: Default domain type: Translated
[    0.259810] iommu: DMA domain TLB invalidation policy: lazy mode
[    0.262747] SCSI subsystem initialized
[    0.263638] libata version 3.00 loaded.
[    0.263648] ACPI: bus type USB registered
[    0.263665] usbcore: registered new interface driver usbfs
[    0.263668] usbcore: registered new interface driver hub
[    0.263672] usbcore: registered new device driver usb
[    0.263681] pps_core: LinuxPPS API ver. 1 registered
[    0.263683] pps_core: Software ver. 5.3.6 - Copyright 2005-2007 Rodolfo Giometti <giometti@linux.it>
[    0.263684] PTP clock support registered
[    0.263694] efivars: Registered efivars operations
[    0.263694] Advanced Linux Sound Architecture Driver Initialized.
[    0.263736] NetLabel: Initializing
[    0.263736] NetLabel:  domain hash size = 128
[    0.263737] NetLabel:  protocols = UNLABELED CIPSOv4 CALIPSO
[    0.263745] NetLabel:  unlabeled traffic allowed by default
[    0.263756] PCI: Using ACPI for IRQ routing
[    0.263756] PCI: pci_cache_line_size set to 64 bytes
[    0.263756] e820: reserve RAM buffer [mem 0xdd408000-0xdfffffff]
[    0.263756] e820: reserve RAM buffer [mem 0xde560000-0xdfffffff]
[    0.263756] e820: reserve RAM buffer [mem 0xdeaed000-0xdfffffff]
[    0.263756] e820: reserve RAM buffer [mem 0xdf16e000-0xdfffffff]
[    0.263756] e820: reserve RAM buffer [mem 0x22dd00000-0x22fffffff]
[    0.263779] pci 0000:00:02.0: vgaarb: setting as boot VGA device
[    0.263779] pci 0000:00:02.0: vgaarb: bridge control possible
[    0.263779] pci 0000:00:02.0: vgaarb: VGA device added: decodes=io+mem,owns=io+mem,locks=none
[    0.263779] vgaarb: loaded
[    0.264610] clocksource: Switched to clocksource kvm-clock
[    0.264964] VFS: Disk quotas dquot_6.6.0
[    0.264967] VFS: Dquot-cache hash table entries: 512 (order 0, 4096 bytes)
[    0.265507] pnp: PnP ACPI init
[    0.274669] pnp: PnP ACPI: found 2 devices
[    0.283613] clocksource: acpi_pm: mask: 0xffffff max_cycles: 0xffffff, max_idle_ns: 2085701024 ns
[    0.283633] NET: Registered PF_INET protocol family
[    0.283943] IP idents hash table entries: 131072 (order: 8, 1048576 bytes, linear)
[    0.284607] tcp_listen_portaddr_hash hash table entries: 4096 (order: 4, 65536 bytes, linear)
[    0.284607] Table-perturb hash table entries: 65536 (order: 6, 262144 bytes, linear)
[    0.284607] TCP established hash table entries: 65536 (order: 7, 524288 bytes, linear)
[    0.284607] TCP bind hash table entries: 65536 (order: 9, 2097152 bytes, linear)
[    0.284607] TCP: Hash tables configured (established 65536 bind 65536)
[    0.284607] UDP hash table entries: 4096 (order: 6, 262144 bytes, linear)
[    0.284607] UDP-Lite hash table entries: 4096 (order: 6, 262144 bytes, linear)
[    0.284607] NET: Registered PF_UNIX/PF_LOCAL protocol family
[    0.285920] RPC: Registered named UNIX socket transport module.
[    0.285921] RPC: Registered udp transport module.
[    0.285921] RPC: Registered tcp transport module.
[    0.285921] RPC: Registered tcp-with-tls transport module.
[    0.285922] RPC: Registered tcp NFSv4.1 backchannel transport module.
[    0.286381] pci_bus 0000:00: resource 4 [io  0x0000-0x0cf7 window]
[    0.286385] pci_bus 0000:00: resource 5 [io  0x0d00-0xffff window]
[    0.286387] pci_bus 0000:00: resource 6 [mem 0x000a0000-0x000bffff window]
[    0.286388] pci_bus 0000:00: resource 7 [mem 0xe0000000-0xfdffffff window]
[    0.286437] pci 0000:00:00.0: Limiting direct PCI/PCI transfers
[    0.287887] PCI: CLS 0 bytes, default 64
[    0.287923] PCI-DMA: Using software bounce buffering for IO (SWIOTLB)
[    0.287924] software IO TLB: mapped [mem 0x00000000d411c000-0x00000000d811c000] (64MB)
[    0.287983] RAPL PMU: API unit is 2^-32 Joules, 0 fixed counters, 335544320 ms ovfl timer
[    0.288005] clocksource: tsc: mask: 0xffffffffffffffff max_cycles: 0x23fa754787d, max_idle_ns: 440795210092 ns
[    0.288197] clocksource: Switched to clocksource tsc
[    0.288218] platform rtc_cmos: registered platform RTC device (no PNP device found)
[    0.288313] Unpacking initramfs...
[    0.339615] Initialise system trusted keyrings
[    0.339819] workingset: timestamp_bits=40 max_order=21 bucket_order=0
[    0.340066] NFS: Registering the id_resolver key type
[    0.340069] Key type id_resolver registered
[    0.340069] Key type id_legacy registered
[    0.340125] 9p: Installing v9fs 9p2000 file system support
[    0.345622] Key type asymmetric registered
[    0.345624] Asymmetric key parser 'x509' registered
[    0.345634] Block layer SCSI generic (bsg) driver version 0.4 loaded (major 251)
[    0.345642] io scheduler mq-deadline registered
[    0.345642] io scheduler kyber registered
[    0.349508] ACPI: AC: AC Adapter [AC] (on-line)
[    0.349535] input: Power Button as /devices/LNXSYSTM:00/LNXPWRBN:00/input/input0
[    0.349672] ACPI: button: Power Button [PWRF]
[    0.349686] input: Sleep Button as /devices/LNXSYSTM:00/LNXSLPBN:00/input/input1
[    0.349917] ACPI: button: Sleep Button [SLPF]
[    0.349940] ACPI: video: Video Device [GFX0] (multi-head: yes  rom: no  post: no)
[    0.349964] input: Video Bus as /devices/LNXSYSTM:00/LNXSYBUS:00/PNP0A03:00/LNXVIDEO:00/input/input2
[    0.360072] ACPI: battery: Slot [BAT0] (battery present)
[    0.360099] Serial: 8250/16550 driver, 4 ports, IRQ sharing enabled
[    0.361719] Non-volatile memory driver v1.3
[    0.361722] Linux agpgart interface v0.103
[    0.361801] ACPI: bus type drm_connector registered
[    0.365843] loop: module loaded
[    0.366119] ahci 0000:00:0d.0: SSS flag set, parallel bus scan disabled
[    0.366223] ahci 0000:00:0d.0: AHCI vers 0001.0100, 32 command slots, 3 Gbps, SATA mode
[    0.366225] ahci 0000:00:0d.0: 2/2 ports implemented (port mask 0x3)
[    0.366226] ahci 0000:00:0d.0: flags: 64bit ncq stag only ccc 
[    0.366673] scsi host0: ahci
[    0.366937] scsi host1: ahci
[    0.367215] ata1: SATA max UDMA/133 abar m8192@0xe1624000 port 0xe1624100 irq 21 lpm-pol 0
[    0.367219] ata2: SATA max UDMA/133 abar m8192@0xe1624000 port 0xe1624180 irq 21 lpm-pol 0
[    0.367864] scsi host2: ata_piix
[    0.368165] scsi host3: ata_piix
[    0.368185] ata3: PATA max UDMA/33 cmd 0x1f0 ctl 0x3f6 bmdma 0xc180 irq 14 lpm-pol 0
[    0.368187] ata4: PATA max UDMA/33 cmd 0x170 ctl 0x376 bmdma 0xc188 irq 15 lpm-pol 0
[    0.368359] e100: Intel(R) PRO/100 Network Driver
[    0.368360] e100: Copyright(c) 1999-2006 Intel Corporation
[    0.368366] e1000: Intel(R) PRO/1000 Network Driver
[    0.368367] e1000: Copyright (c) 1999-2006 Intel Corporation.
[    0.469377] Freeing initrd memory: 16712K
[    0.599151] ata4.00: ATAPI: VBOX CD-ROM, 1.0, max UDMA/133
[    0.689418] e1000 0000:00:03.0 eth0: (PCI:33MHz:32-bit) 08:00:27:b6:5b:a7
[    0.689418] e1000 0000:00:03.0 eth0: Intel(R) PRO/1000 Network Connection
[    0.689418] e1000e: Intel(R) PRO/1000 Network Driver
[    0.689418] e1000e: Copyright(c) 1999 - 2015 Intel Corporation.
[    0.689418] sky2: driver version 1.30
[    0.691614] ohci-pci 0000:00:06.0: OHCI PCI host controller
[    0.691762] ohci-pci 0000:00:06.0: new USB bus registered, assigned bus number 1
[    0.691815] ohci-pci 0000:00:06.0: irq 22, io mem 0xe1627000
[    0.723247] ata1: SATA link up 3.0 Gbps (SStatus 123 SControl 300)
[    0.723573] ata1.00: ATA-6: VBOX HARDDISK, 1.0, max UDMA/133
[    0.723589] ata1.00: 52428800 sectors, multi 128: LBA48 NCQ (depth 32)
[    0.723957] ata1.00: configured for UDMA/133
[    0.724206] scsi 0:0:0:0: Direct-Access     ATA      VBOX HARDDISK    1.0  PQ: 0 ANSI: 5
[    0.724581] scsi 0:0:0:0: Attached scsi generic sg0 type 0
[    0.724765] sd 0:0:0:0: [sda] 52428800 512-byte logical blocks: (26.8 GB/25.0 GiB)
[    0.724770] sd 0:0:0:0: [sda] Write Protect is off
[    0.724771] sd 0:0:0:0: [sda] Mode Sense: 00 3a 00 00
[    0.724775] sd 0:0:0:0: [sda] Write cache: enabled, read cache: enabled, doesn't support DPO or FUA
[    0.724782] sd 0:0:0:0: [sda] Preferred minimum I/O size 512 bytes
[    0.750582] usb usb1: New USB device found, idVendor=1d6b, idProduct=0001, bcdDevice= 6.16
[    0.750586] usb usb1: New USB device strings: Mfr=3, Product=2, SerialNumber=1
[    0.750587] usb usb1: Product: OHCI PCI host controller
[    0.750587] usb usb1: Manufacturer: Linux 6.16.0-thor_version-g5b4b70fc7832 ohci_hcd
[    0.750588] usb usb1: SerialNumber: 0000:00:06.0
[    0.750790] hub 1-0:1.0: USB hub found
[    0.750800] hub 1-0:1.0: 12 ports detected
[    0.751014] usbcore: registered new interface driver usblp
[    0.751023] usbcore: registered new interface driver usb-storage
[    0.751041] i8042: PNP: PS/2 Controller [PNP0303:PS2K,PNP0f03:PS2M] at 0x60,0x64 irq 1,12
[    0.751136] ehci-pci 0000:00:0b.0: EHCI Host Controller
[    0.751423] ehci-pci 0000:00:0b.0: new USB bus registered, assigned bus number 2
[    0.751629] serio: i8042 KBD port at 0x60,0x64 irq 1
[    0.751635] serio: i8042 AUX port at 0x60,0x64 irq 12
[    0.751703] ehci-pci 0000:00:0b.0: irq 19, io mem 0xe1626000
[    0.752284] rtc_cmos rtc_cmos: registered as rtc0
[    0.752325] rtc_cmos rtc_cmos: alarms up to one day, 114 bytes nvram
[    0.752397] input: AT Translated Set 2 keyboard as /devices/platform/i8042/serio0/input/input3
[    0.752494] device-mapper: ioctl: 4.50.0-ioctl (2025-04-28) initialised: dm-devel@lists.linux.dev
[    0.752499] intel_pstate: CPU model not supported
[    0.752706] simple-framebuffer simple-framebuffer.0: [drm] Registered 1 planes with drm panic
[    0.752707] [drm] Initialized simpledrm 1.0.0 for simple-framebuffer.0 on minor 0
[    0.754437] Console: switching to colour frame buffer device 128x48
[    0.754437] simple-framebuffer simple-framebuffer.0: [drm] fb0: simpledrmdrmfb frame buffer device
[    0.755567] hid: raw HID events driver (C) Jiri Kosina
[    0.755704] usbcore: registered new interface driver usbhid
[    0.755704] usbhid: USB HID core driver
[    0.756537] Initializing XFRM netlink socket
[    0.756550] NET: Registered PF_INET6 protocol family
[    0.757171] Segment Routing with IPv6
[    0.757175] In-situ OAM (IOAM) with IPv6
[    0.757190] sit: IPv6, IPv4 and MPLS over IPv4 tunneling driver
[    0.757255] NET: Registered PF_PACKET protocol family
[    0.757274] 9pnet: Installing 9P2000 support
[    0.757283] Key type dns_resolver registered
[    0.757502] ehci-pci 0000:00:0b.0: USB 2.0 started, EHCI 1.00
[    0.757575] usb usb2: New USB device found, idVendor=1d6b, idProduct=0002, bcdDevice= 6.16
[    0.757578] usb usb2: New USB device strings: Mfr=3, Product=2, SerialNumber=1
[    0.757579] usb usb2: Product: EHCI Host Controller
[    0.757580] usb usb2: Manufacturer: Linux 6.16.0-thor_version-g5b4b70fc7832 ehci_hcd
[    0.757581] usb usb2: SerialNumber: 0000:00:0b.0
[    0.757763] hub 2-0:1.0: USB hub found
[    0.757768] hub 2-0:1.0: 12 ports detected
[    0.758252] IPI shorthand broadcast: enabled
[    0.759678] sched_clock: Marking stable (759012880, 370017)->(772192654, -12809757)
[    0.760077] registered taskstats version 1
[    0.760078] Loading compiled-in X.509 certificates
[    0.761410] Demotion targets for Node 0: null
[    0.761462] PM:   Magic number: 13:890:936
[    0.761511] printk: legacy console [netcon0] enabled
[    0.761512] netconsole: network logging started
[    0.761540] cfg80211: Loading compiled-in X.509 certificates for regulatory database
[    0.762245] input: ImExPS/2 Generic Explorer Mouse as /devices/platform/i8042/serio1/input/input5
[    0.762542] modprobe (119) used greatest stack depth: 13184 bytes left
[    0.763541] Loaded X.509 cert 'sforshee: 00b28ddf47aef9cea7'
[    0.763615] Loaded X.509 cert 'wens: 61c038651aabdcf94bd0ac7ff06c7248db18c600'
[    0.763624] ALSA device list:
[    0.763625]   No soundcards found.
[    0.763651] platform regulatory.0: Direct firmware load for regulatory.db failed with error -2
[    0.763653] cfg80211: failed to load regulatory.db
[    0.776480] sd 0:0:0:0: [sda] Attached SCSI disk
[    1.129297] ata2: SATA link up 3.0 Gbps (SStatus 123 SControl 300)
[    1.129718] ata2.00: ATA-6: VBOX HARDDISK, 1.0, max UDMA/133
[    1.129723] ata2.00: 120164352 sectors, multi 128: LBA48 NCQ (depth 32)
[    1.130159] ata2.00: configured for UDMA/133
[    1.130359] scsi 1:0:0:0: Direct-Access     ATA      VBOX HARDDISK    1.0  PQ: 0 ANSI: 5
[    1.130692] scsi 1:0:0:0: Attached scsi generic sg1 type 0
[    1.130936] sd 1:0:0:0: [sdb] 120164352 512-byte logical blocks: (61.5 GB/57.3 GiB)
[    1.130943] sd 1:0:0:0: [sdb] Write Protect is off
[    1.130945] sd 1:0:0:0: [sdb] Mode Sense: 00 3a 00 00
[    1.130952] sd 1:0:0:0: [sdb] Write cache: enabled, read cache: enabled, doesn't support DPO or FUA
[    1.130965] sd 1:0:0:0: [sdb] Preferred minimum I/O size 512 bytes
[    1.132044] scsi 3:0:0:0: CD-ROM            VBOX     CD-ROM           1.0  PQ: 0 ANSI: 5
[    1.133070] sr 3:0:0:0: [sr0] scsi3-mmc drive: 32x/32x xa/form2 tray
[    1.133079] cdrom: Uniform CD-ROM driver Revision: 3.20
[    1.135231] sr 3:0:0:0: Attached scsi CD-ROM sr0
[    1.135359] sr 3:0:0:0: Attached scsi generic sg2 type 5
[    1.167802]  sdb: sdb1 sdb2 sdb3 sdb4 sdb5
[    1.168606] sd 1:0:0:0: [sdb] Attached SCSI disk
[    1.169496] Freeing unused kernel image (initmem) memory: 2844K
[    1.169615] Write protecting the kernel read-only data: 28672k
[    1.170365] Freeing unused kernel image (text/rodata gap) memory: 1364K
[    1.170896] Freeing unused kernel image (rodata/data gap) memory: 724K
[    1.205627] x86/mm: Checked W+X mappings: passed, no W+X pages found.
[    1.205632] x86/mm: Checking user space page tables
[    1.205697] usb 1-1: new full-speed USB device number 2 using ohci-pci
[    1.235840] x86/mm: Checked W+X mappings: passed, no W+X pages found.
[    1.236082] Run /init as init process
[    1.236084]   with arguments:
[    1.236084]     /init
[    1.236085]   with environment:
[    1.236085]     HOME=/
[    1.236086]     TERM=linux
[    1.236086]     BOOT_IMAGE=/vmlinuz-6.16.0-lfs-12.3-systemd
[    1.246721] systemd-udevd (132) used greatest stack depth: 12936 bytes left
[    1.520987] usb 1-1: New USB device found, idVendor=80ee, idProduct=0021, bcdDevice= 1.00
[    1.520992] usb 1-1: New USB device strings: Mfr=1, Product=3, SerialNumber=0
[    1.520994] usb 1-1: Product: USB Tablet
[    1.520995] usb 1-1: Manufacturer: VirtualBox
[    1.533550] input: VirtualBox USB Tablet as /devices/pci0000:00/0000:00:06.0/usb1/1-1/1-1:1.0/0003:80EE:0021.0001/input/input6
[    1.533920] hid-generic 0003:80EE:0021.0001: input,hidraw0: USB HID v1.10 Mouse [VirtualBox USB Tablet] on usb-0000:00:06.0-1/input0
[    7.397523] (udev-worker) (175) used greatest stack depth: 12872 bytes left
[    7.397765] (udev-worker) (141) used greatest stack depth: 12856 bytes left
[    7.758247] EXT4-fs (sdb4): orphan cleanup on readonly fs
[    7.758656] EXT4-fs (sdb4): mounted filesystem ffd5ccc4-5ff0-4328-87f8-aec9535e89fe ro with ordered data mode. Quota mode: none.
[   10.581651] systemd[1]: systemd 257.6 running in system mode (+PAM -AUDIT -SELINUX -APPARMOR +IMA +IPE +SMACK -SECCOMP -GCRYPT -GNUTLS +OPENSSL +ACL +BLKID +CURL -ELFUTILS -FIDO2 +IDN2 -IDN -IPTC +KMOD -LIBCRYPTSETUP -LIBCRYPTSETUP_PLUGINS +LIBFDISK +PCRE2 +PWQUALITY +P11KIT -QRENCODE -TPM2 +BZIP2 +LZ4 +XZ +ZLIB +ZSTD -BPF_FRAMEWORK -BTF +XKBCOMMON +UTMP +SYSVINIT +LIBARCHIVE)
[   10.581654] systemd[1]: Detected virtualization oracle.
[   10.581662] systemd[1]: Detected architecture x86-64.
[   10.608447] systemd[1]: Hostname set to <minsepar>.
[   10.794755] systemd-rc-loca (221) used greatest stack depth: 12824 bytes left
[   10.794861] systemd-debug-g (215) used greatest stack depth: 12808 bytes left
[   10.825190] systemd-sysv-generator[225]: SysV service '/etc/init.d/vboxadd' lacks a native systemd unit file, automatically generating a unit file for compatibility.
[   10.825194] systemd-sysv-generator[225]: Please update package to include a native systemd unit file.
[   10.825197] systemd-sysv-generator[225]: ! This compatibility logic is deprecated, expect removal soon. !
[   10.834851] systemd-sysv-generator[225]: SysV service '/etc/init.d/vboxadd-service' lacks a native systemd unit file, automatically generating a unit file for compatibility.
[   10.834856] systemd-sysv-generator[225]: Please update package to include a native systemd unit file.
[   10.834858] systemd-sysv-generator[225]: ! This compatibility logic is deprecated, expect removal soon. !
[   10.841650] systemd-fstab-g (216) used greatest stack depth: 12504 bytes left
[   11.185179] systemd[1]: /etc/systemd/system/sshd.service:3: Failed to add dependency on network.targer, ignoring: Invalid argument
[   11.477240] systemd[1]: Queued start job for default target Graphical Interface.
[   11.765567] systemd[1]: Created slice Slice /system/getty.
[   11.765742] systemd[1]: Created slice Slice /system/modprobe.
[   11.765858] systemd[1]: Created slice Slice /system/systemd-fsck.
[   11.765940] systemd[1]: Created slice User and Session Slice.
[   11.765966] systemd[1]: Started Dispatch Password Requests to Console Directory Watch.
[   11.765981] systemd[1]: Started Forward Password Requests to Wall Directory Watch.
[   11.766061] systemd[1]: Set up automount Arbitrary Executable File Formats File System Automount Point.
[   11.766075] systemd[1]: Reached target Remote File Systems.
[   11.766093] systemd[1]: Reached target Slice Units.
[   11.766099] systemd[1]: Reached target Swaps.
[   11.781232] systemd[1]: Listening on Process Core Dump Socket.
[   11.783618] systemd[1]: Listening on Credential Encryption/Decryption.
[   11.783670] systemd[1]: Listening on initctl Compatibility Named Pipe.
[   11.784102] systemd[1]: Listening on Journal Audit Socket.
[   11.784148] systemd[1]: Listening on Journal Socket (/dev/log).
[   11.784186] systemd[1]: Listening on Journal Sockets.
[   11.784205] systemd[1]: Listening on DDI File System Mounter Socket.
[   11.784250] systemd[1]: Listening on Network Service Netlink Socket.
[   11.784272] systemd[1]: Listening on Namespace Resource Manager Socket.
[   11.784314] systemd[1]: Listening on Userspace Out-Of-Memory (OOM) Killer Socket.
[   11.784344] systemd[1]: Listening on udev Control Socket.
[   11.784361] systemd[1]: Listening on udev Kernel Socket.
[   11.787405] systemd[1]: Mounting Huge Pages File System...
[   11.788058] systemd[1]: Mounting POSIX Message Queue File System...
[   11.788787] systemd[1]: Mounting Kernel Debug File System...
[   11.789137] systemd[1]: Mounting Kernel Trace File System...
[   11.794358] systemd[1]: tmp.mount: Directory /tmp to mount over is not empty, mounting anyway.
[   11.795120] systemd[1]: Mounting Temporary Directory /tmp...
[   11.795159] systemd[1]: Create List of Static Device Nodes was skipped because of an unmet condition check (ConditionFileNotEmpty=/lib/modules/6.16.0-thor_version-g5b4b70fc7832/modules.devname).
[   11.803400] systemd[1]: Starting Load Kernel Module configfs...
[   11.804029] systemd[1]: Starting Load Kernel Module dm_mod...
[   11.804505] systemd[1]: Starting Load Kernel Module drm...
[   11.805080] systemd[1]: Starting Load Kernel Module efi_pstore...
[   11.805562] systemd[1]: Starting Load Kernel Module fuse...
[   11.805954] systemd[1]: Starting Load Kernel Module loop...
[   11.806450] systemd[1]: Starting File System Check on Root Device...
[   11.806472] systemd[1]: Clear Stale Hibernate Storage Info was skipped because of an unmet condition check (ConditionPathExists=/sys/firmware/efi/efivars/HibernateLocation-8cf2644b-4b0b-428f-9387-6d876050dc67).
[   11.806555] systemd[1]: systemd-journald.service: unit configures an IP firewall, but the local system does not support BPF/cgroup firewalling.
[   11.806557] systemd[1]: systemd-journald.service: (This warning is only shown for the first unit using IP firewalling.)
[   11.807078] systemd[1]: Starting Journal Service...
[   11.814106] systemd[1]: Load Kernel Modules was skipped because no trigger condition checks were met.
[   11.814728] systemd[1]: Starting Generate network units from Kernel command line...
[   11.815314] systemd[1]: Starting Userspace Out-Of-Memory (OOM) Killer...
[   11.815916] systemd[1]: Starting Apply Kernel Variables...
[   11.816462] systemd[1]: Starting Create Static Device Nodes in /dev gracefully...
[   11.817136] systemd[1]: Starting Load udev Rules from Credentials...
[   11.817785] systemd[1]: Starting Coldplug All udev Devices...
[   11.818887] systemd[1]: modprobe@configfs.service: Deactivated successfully.
[   11.818973] systemd[1]: Finished Load Kernel Module configfs.
[   11.819083] systemd[1]: modprobe@dm_mod.service: Deactivated successfully.
[   11.819148] systemd[1]: Finished Load Kernel Module dm_mod.
[   11.819236] systemd[1]: modprobe@drm.service: Deactivated successfully.
[   11.819296] systemd[1]: Finished Load Kernel Module drm.
[   11.819387] systemd[1]: modprobe@efi_pstore.service: Deactivated successfully.
[   11.819464] systemd[1]: Finished Load Kernel Module efi_pstore.
[   11.819555] systemd[1]: modprobe@fuse.service: Deactivated successfully.
[   11.819626] systemd[1]: Finished Load Kernel Module fuse.
[   11.819712] systemd[1]: modprobe@loop.service: Deactivated successfully.
[   11.819768] systemd[1]: Finished Load Kernel Module loop.
[   11.819862] systemd[1]: FUSE Control File System was skipped because of an unmet condition check (ConditionPathExists=/sys/fs/fuse/connections).
[   11.819892] systemd[1]: Kernel Configuration File System was skipped because of an unmet condition check (ConditionPathExists=/sys/kernel/config).
[   11.819909] systemd[1]: Repartition Root Disk was skipped because no trigger condition checks were met.
[   11.899433] systemd[1]: Finished Generate network units from Kernel command line.
[   11.899704] systemd[1]: Reached target Preparation for Network.
[   11.944666] systemd-journald[242]: Collecting audit messages is enabled.
[   11.954705] systemd[1]: Started Journal Service.
[   12.429550] EXT4-fs (sdb4): re-mounted ffd5ccc4-5ff0-4328-87f8-aec9535e89fe r/w.
[   12.484200] systemd-journald[242]: Received client request to flush runtime journal.
[   12.982222] EXT4-fs (sdb2): mounted filesystem 85bc0315-6789-4d1a-91a4-b01e7ee462f3 r/w with ordered data mode. Quota mode: none.
[   13.084677] FAT-fs (sdb1): Volume was not properly unmounted. Some data may be corrupt. Please run fsck.
[   14.044890] e1000 0000:00:03.0 enp0s3: renamed from eth0
[   16.767489] e1000: enp0s3 NIC Link is Up 1000 Mbps Full Duplex, Flow Control: RX
[   16.989191] audit: type=1325 audit(1750683305.338:2): table=filter family=2 entries=0 op=xt_register pid=434 subj=kernel comm="iptables"
[   16.989430] audit: type=1300 audit(1750683305.338:2): arch=c000003e syscall=55 success=yes exit=0 a0=4 a1=0 a2=40 a3=7fff3e340140 items=0 ppid=419 pid=434 auid=4294967295 uid=0 gid=0 euid=0 suid=0 fsuid=0 egid=0 sgid=0 fsgid=0 tty=(none) ses=4294967295 comm="iptables" exe="/usr/sbin/xtables-legacy-multi" subj=kernel key=(null)
[   16.989434] audit: type=1327 audit(1750683305.338:2): proctitle=69707461626C6573002D5000494E50555400414343455054
[   16.989568] audit: type=1325 audit(1750683305.340:3): table=filter family=2 entries=4 op=xt_replace pid=434 subj=kernel comm="iptables"
[   16.989573] audit: type=1300 audit(1750683305.340:3): arch=c000003e syscall=54 success=yes exit=0 a0=4 a1=0 a2=40 a3=55ee867438b0 items=0 ppid=419 pid=434 auid=4294967295 uid=0 gid=0 euid=0 suid=0 fsuid=0 egid=0 sgid=0 fsgid=0 tty=(none) ses=4294967295 comm="iptables" exe="/usr/sbin/xtables-legacy-multi" subj=kernel key=(null)
[   16.989575] audit: type=1327 audit(1750683305.340:3): proctitle=69707461626C6573002D5000494E50555400414343455054
[   16.991067] audit: type=1325 audit(1750683305.340:4): table=filter family=2 entries=4 op=xt_replace pid=435 subj=kernel comm="iptables"
[   16.991072] audit: type=1300 audit(1750683305.340:4): arch=c000003e syscall=54 success=yes exit=0 a0=4 a1=0 a2=40 a3=562700fea8b0 items=0 ppid=419 pid=435 auid=4294967295 uid=0 gid=0 euid=0 suid=0 fsuid=0 egid=0 sgid=0 fsgid=0 tty=(none) ses=4294967295 comm="iptables" exe="/usr/sbin/xtables-legacy-multi" subj=kernel key=(null)
[   16.991074] audit: type=1327 audit(1750683305.340:4): proctitle=69707461626C6573002D5000464F525741524400414343455054
[   16.992426] audit: type=1325 audit(1750683305.342:5): table=filter family=2 entries=4 op=xt_replace pid=436 subj=kernel comm="iptables"
[   24.514772] kauditd_printk_skb: 29 callbacks suppressed
[   24.514775] audit: type=1006 audit(1750683312.865:15): pid=427 uid=0 subj=kernel old-auid=4294967295 auid=1000 tty=tty1 old-ses=4294967295 ses=1 res=1
[   24.514779] audit: type=1300 audit(1750683312.865:15): arch=c000003e syscall=1 success=yes exit=4 a0=4 a1=7fff56cf05e0 a2=4 a3=0 items=0 ppid=1 pid=427 auid=1000 uid=0 gid=0 euid=0 suid=0 fsuid=0 egid=0 sgid=0 fsgid=0 tty=tty1 ses=1 comm="login" exe="/usr/bin/login" subj=kernel key=(null)
[   24.514781] audit: type=1327 audit(1750683312.865:15): proctitle=2F62696E2F6C6F67696E002D2D
[   26.567130] audit: type=1006 audit(1750683314.917:16): pid=462 uid=0 subj=kernel old-auid=4294967295 auid=1000 tty=(none) old-ses=4294967295 ses=2 res=1
[   26.567137] audit: type=1300 audit(1750683314.917:16): arch=c000003e syscall=1 success=yes exit=4 a0=7 a1=7ffd6d08fcf0 a2=4 a3=0 items=0 ppid=1 pid=462 auid=1000 uid=0 gid=0 euid=0 suid=0 fsuid=0 egid=0 sgid=0 fsgid=0 tty=(none) ses=2 comm="(systemd)" exe="/usr/lib/systemd/systemd-executor" subj=kernel key=(null)
[   26.567139] audit: type=1327 audit(1750683314.917:16): proctitle="(systemd)"
