[    0.000000] Linux version 6.15.0-thor_version-g0ff41df1cb26-dirty (root@minsepar) (gcc (GCC) 15.1.0, GNU ld (GNU Binutils) 2.44) #6 SMP PREEMPT_DYNAMIC Mon Jun 23 16:24:46 GMT 2025
[    0.000000] Command line: BOOT_IMAGE=/vmlinuz-6.15.0-lfs-12.3-systemd root=UUID=ffd5ccc4-5ff0-4328-87f8-aec9535e89fe ro rootwait rootdelay=5 quiet
[    0.000000] BIOS-provided physical RAM map:
[    0.000000] BIOS-e820: [mem 0x0000000000000000-0x000000000009ffff] usable
[    0.000000] BIOS-e820: [mem 0x0000000000100000-0x00000000de55ffff] usable
[    0.000000] BIOS-e820: [mem 0x00000000de560000-0x00000000de5a8fff] reserved
[    0.000000] BIOS-e820: [mem 0x00000000de5a9000-0x00000000deaecfff] usable
[    0.000000] BIOS-e820: [mem 0x00000000deaed000-0x00000000ded6cfff] reserved
[    0.000000] BIOS-e820: [mem 0x00000000ded6d000-0x00000000ded7efff] ACPI data
[    0.000000] BIOS-e820: [mem 0x00000000ded7f000-0x00000000dedfefff] ACPI NVS
[    0.000000] BIOS-e820: [mem 0x00000000dedff000-0x00000000df16dfff] usable
[    0.000000] BIOS-e820: [mem 0x00000000df16e000-0x00000000dffeffff] reserved
[    0.000000] BIOS-e820: [mem 0x00000000ffc00000-0x00000000ffffffff] reserved
[    0.000000] BIOS-e820: [mem 0x0000000100000000-0x000000022dcfffff] usable
[    0.000000] NX (Execute Disable) protection: active
[    0.000000] APIC: Static calls initialized
[    0.000000] efi: EFI v2.7 by EDK II
[    0.000000] efi: ACPI=0xded7e000 ACPI 2.0=0xded7e014 SMBIOS=0xdedfd000 INITRD=0xdd42ed18 RNG=0xded75018 
[    0.000000] random: crng init done
[    0.000000] efi: Remove mem128: MMIO range=[0xffc00000-0xffffffff] (4MB) from e820 map
[    0.000000] e820: remove [mem 0xffc00000-0xffffffff] reserved
[    0.000000] SMBIOS 2.5 present.
[    0.000000] DMI: innotek GmbH VirtualBox/VirtualBox, BIOS VirtualBox 12/01/2006
[    0.000000] DMI: Memory slots populated: 0/0
[    0.000000] Hypervisor detected: KVM
[    0.000000] kvm-clock: Using msrs 4b564d01 and 4b564d00
[    0.000013] kvm-clock: using sched offset of 4590766967 cycles
[    0.000022] clocksource: kvm-clock: mask: 0xffffffffffffffff max_cycles: 0x1cd42e4dffb, max_idle_ns: 881590591483 ns
[    0.000025] tsc: Detected 2495.998 MHz processor
[    0.000361] e820: update [mem 0x00000000-0x00000fff] usable ==> reserved
[    0.000363] e820: remove [mem 0x000a0000-0x000fffff] usable
[    0.000366] last_pfn = 0x22dd00 max_arch_pfn = 0x400000000
[    0.000405] MTRR map: 7 entries (3 fixed + 4 variable; max 35), built from 16 variable MTRRs
[    0.000407] x86/PAT: Configuration [0-7]: WB  WC  UC- UC  WB  WP  UC- WT  
[    0.000474] e820: update [mem 0xe0000000-0xffffffff] usable ==> reserved
[    0.000478] last_pfn = 0xdf16e max_arch_pfn = 0x400000000
[    0.022755] Secure boot disabled
[    0.022756] RAMDISK: [mem 0xd8139000-0xd9186fff]
[    0.022759] ACPI: Early table checksum verification disabled
[    0.022763] ACPI: RSDP 0x00000000DED7E014 000024 (v02 VBOX  )
[    0.022766] ACPI: XSDT 0x00000000DED7D0E8 000044 (v01 VBOX   VBOXFACP 00000001      01000013)
[    0.022771] ACPI: FACP 0x00000000DED79000 0000F4 (v04 VBOX   VBOXFACP 00000001 ASL  00000061)
[    0.022774] ACPI: DSDT 0x00000000DED7A000 002353 (v02 VBOX   VBOXBIOS 00000002 INTL 20230628)
[    0.022777] ACPI: FACS 0x00000000DEDFE000 000040
[    0.022779] ACPI: APIC 0x00000000DED78000 00009C (v02 VBOX   VBOXAPIC 00000001 ASL  00000061)
[    0.022781] ACPI: SSDT 0x00000000DED77000 00036C (v01 VBOX   VBOXCPUT 00000002 INTL 20230628)
[    0.022783] ACPI: BGRT 0x00000000DED76000 000038 (v01 INTEL  EDK2     00000002      01000013)
[    0.022784] ACPI: Reserving FACP table memory at [mem 0xded79000-0xded790f3]
[    0.022785] ACPI: Reserving DSDT table memory at [mem 0xded7a000-0xded7c352]
[    0.022785] ACPI: Reserving FACS table memory at [mem 0xdedfe000-0xdedfe03f]
[    0.022786] ACPI: Reserving APIC table memory at [mem 0xded78000-0xded7809b]
[    0.022786] ACPI: Reserving SSDT table memory at [mem 0xded77000-0xded7736b]
[    0.022786] ACPI: Reserving BGRT table memory at [mem 0xded76000-0xded76037]
[    0.022906] No NUMA configuration found
[    0.022907] Faking a node at [mem 0x0000000000000000-0x000000022dcfffff]
[    0.022909] NODE_DATA(0) allocated [mem 0x22dcfc100-0x22dcfffff]
[    0.023035] Zone ranges:
[    0.023036]   DMA      [mem 0x0000000000001000-0x0000000000ffffff]
[    0.023037]   DMA32    [mem 0x0000000001000000-0x00000000ffffffff]
[    0.023038]   Normal   [mem 0x0000000100000000-0x000000022dcfffff]
[    0.023038] Movable zone start for each node
[    0.023039] Early memory node ranges
[    0.023039]   node   0: [mem 0x0000000000001000-0x000000000009ffff]
[    0.023040]   node   0: [mem 0x0000000000100000-0x00000000de55ffff]
[    0.023040]   node   0: [mem 0x00000000de5a9000-0x00000000deaecfff]
[    0.023041]   node   0: [mem 0x00000000dedff000-0x00000000df16dfff]
[    0.023041]   node   0: [mem 0x0000000100000000-0x000000022dcfffff]
[    0.023042] Initmem setup node 0 [mem 0x0000000000001000-0x000000022dcfffff]
[    0.023294] On node 0, zone DMA: 1 pages in unavailable ranges
[    0.023314] On node 0, zone DMA: 96 pages in unavailable ranges
[    0.033834] On node 0, zone DMA32: 73 pages in unavailable ranges
[    0.033844] On node 0, zone DMA32: 786 pages in unavailable ranges
[    0.048443] On node 0, zone Normal: 3730 pages in unavailable ranges
[    0.048491] On node 0, zone Normal: 8960 pages in unavailable ranges
[    0.048720] ACPI: PM-Timer IO Port: 0x4008
[    0.048761] IOAPIC[0]: apic_id 10, version 32, address 0xfec00000, GSI 0-23
[    0.048764] ACPI: INT_SRC_OVR (bus 0 bus_irq 0 global_irq 2 dfl dfl)
[    0.048765] ACPI: INT_SRC_OVR (bus 0 bus_irq 9 global_irq 9 low level)
[    0.048768] ACPI: Using ACPI (MADT) for SMP configuration information
[    0.048777] e820: update [mem 0xdd3e7000-0xdd407fff] usable ==> reserved
[    0.048786] CPU topo: Max. logical packages:   1
[    0.048787] CPU topo: Max. logical dies:       1
[    0.048787] CPU topo: Max. dies per package:   1
[    0.048789] CPU topo: Max. threads per core:   1
[    0.048790] CPU topo: Num. cores per package:    10
[    0.048791] CPU topo: Num. threads per package:  10
[    0.048791] CPU topo: Allowing 10 present CPUs plus 0 hotplug CPUs
[    0.048805] PM: hibernation: Registered nosave memory: [mem 0x00000000-0x00000fff]
[    0.048806] PM: hibernation: Registered nosave memory: [mem 0x000a0000-0x000fffff]
[    0.048807] PM: hibernation: Registered nosave memory: [mem 0xdd3e7000-0xdd407fff]
[    0.048808] PM: hibernation: Registered nosave memory: [mem 0xde560000-0xde5a8fff]
[    0.048809] PM: hibernation: Registered nosave memory: [mem 0xdeaed000-0xdedfefff]
[    0.048809] PM: hibernation: Registered nosave memory: [mem 0xdf16e000-0xffffffff]
[    0.048810] [mem 0xdfff0000-0xffffffff] available for PCI devices
[    0.048811] Booting paravirtualized kernel on KVM
[    0.048813] clocksource: refined-jiffies: mask: 0xffffffff max_cycles: 0xffffffff, max_idle_ns: 1910969940391419 ns
[    0.053048] setup_percpu: NR_CPUS:64 nr_cpumask_bits:10 nr_cpu_ids:10 nr_node_ids:1
[    0.053960] percpu: Embedded 51 pages/cpu s171352 r8192 d29352 u524288
[    0.053963] pcpu-alloc: s171352 r8192 d29352 u524288 alloc=1*2097152
[    0.053964] pcpu-alloc: [0] 00 01 02 03 [0] 04 05 06 07 
[    0.053966] pcpu-alloc: [0] 08 09 -- -- 
[    0.053980] Kernel command line: BOOT_IMAGE=/vmlinuz-6.15.0-lfs-12.3-systemd root=UUID=ffd5ccc4-5ff0-4328-87f8-aec9535e89fe ro rootwait rootdelay=5 quiet
[    0.054007] Unknown kernel command line parameters "BOOT_IMAGE=/vmlinuz-6.15.0-lfs-12.3-systemd", will be passed to user space.
[    0.054015] printk: log buffer data + meta data: 262144 + 917504 = 1179648 bytes
[    0.055201] Dentry cache hash table entries: 1048576 (order: 11, 8388608 bytes, linear)
[    0.055799] Inode-cache hash table entries: 524288 (order: 10, 4194304 bytes, linear)
[    0.055959] software IO TLB: area num 16.
[    0.070319] Fallback order for Node 0: 0 
[    0.070326] Built 1 zonelists, mobility grouping on.  Total pages: 2149042
[    0.070327] Policy zone: Normal
[    0.070329] mem auto-init: stack:all(zero), heap alloc:off, heap free:off
[    0.085760] SLUB: HWalign=64, Order=0-3, MinObjects=0, CPUs=10, Nodes=1
[    0.085773] Kernel/User page tables isolation: enabled
[    0.086751] Dynamic Preempt: voluntary
[    0.087041] rcu: Preemptible hierarchical RCU implementation.
[    0.087042] rcu: 	RCU event tracing is enabled.
[    0.087042] rcu: 	RCU restricting CPUs from NR_CPUS=64 to nr_cpu_ids=10.
[    0.087044] 	Trampoline variant of Tasks RCU enabled.
[    0.087044] 	Tracing variant of Tasks RCU enabled.
[    0.087045] rcu: RCU calculated value of scheduler-enlistment delay is 100 jiffies.
[    0.087045] rcu: Adjusting geometry for rcu_fanout_leaf=16, nr_cpu_ids=10
[    0.087051] RCU Tasks: Setting shift to 4 and lim to 1 rcu_task_cb_adjust=1 rcu_task_cpu_ids=10.
[    0.087053] RCU Tasks Trace: Setting shift to 4 and lim to 1 rcu_task_cb_adjust=1 rcu_task_cpu_ids=10.
[    0.088924] NR_IRQS: 4352, nr_irqs: 504, preallocated irqs: 16
[    0.089093] rcu: srcu_init: Setting srcu_struct sizes based on contention.
[    0.089496] Console: colour dummy device 80x25
[    0.089498] printk: legacy console [tty0] enabled
[    0.089518] ACPI: Core revision 20240827
[    0.089604] APIC: Switch to symmetric I/O mode setup
[    0.089817] x2apic enabled
[    0.090017] APIC: Switched APIC routing to: physical x2apic
[    0.090846] ..TIMER: vector=0x30 apic1=0 pin1=2 apic2=-1 pin2=-1
[    0.090862] clocksource: tsc-early: mask: 0xffffffffffffffff max_cycles: 0x23fa754787d, max_idle_ns: 440795210092 ns
[    0.090866] Calibrating delay loop (skipped) preset value.. 4991.99 BogoMIPS (lpj=2495998)
[    0.090958] Last level iTLB entries: 4KB 0, 2MB 0, 4MB 0
[    0.090959] Last level dTLB entries: 4KB 0, 2MB 0, 4MB 0, 1GB 0
[    0.090963] Spectre V1 : Mitigation: usercopy/swapgs barriers and __user pointer sanitization
[    0.090965] Spectre V2 : Mitigation: Retpolines
[    0.090965] Spectre V2 : Spectre v2 / SpectreRSB: Filling RSB on context switch and VMEXIT
[    0.090966] Speculative Store Bypass: Vulnerable
[    0.090967] MDS: Mitigation: Clear CPU buffers
[    0.090967] MMIO Stale Data: Unknown: No mitigations
[    0.090967] Register File Data Sampling: Vulnerable: No microcode
[    0.090968] ITS: Mitigation: Aligned branch/return thunks
[    0.090978] x86/fpu: Supporting XSAVE feature 0x001: 'x87 floating point registers'
[    0.090979] x86/fpu: Supporting XSAVE feature 0x002: 'SSE registers'
[    0.090979] x86/fpu: Supporting XSAVE feature 0x004: 'AVX registers'
[    0.090980] x86/fpu: xstate_offset[2]:  576, xstate_sizes[2]:  256
[    0.090981] x86/fpu: Enabled xstate features 0x7, context size is 832 bytes, using 'standard' format.
[    0.104148] Freeing SMP alternatives memory: 56K
[    0.104154] pid_max: default: 32768 minimum: 301
[    0.105051] LSM: initializing lsm=capability,selinux
[    0.105067] SELinux:  Initializing.
[    0.105385] Mount-cache hash table entries: 16384 (order: 5, 131072 bytes, linear)
[    0.105392] Mountpoint-cache hash table entries: 16384 (order: 5, 131072 bytes, linear)
[    0.209461] smpboot: CPU0: 13th Gen Intel(R) Core(TM) i5-1335U (family: 0x6, model: 0xba, stepping: 0x3)
[    0.209590] Performance Events: unsupported CPU family 6 model 186 no PMU driver, software events only.
[    0.209608] signal: max sigframe size: 1776
[    0.209623] rcu: Hierarchical SRCU implementation.
[    0.209624] rcu: 	Max phase no-delay instances is 400.
[    0.209644] Timer migration: 2 hierarchy levels; 8 children per group; 2 crossnode level
[    0.211743] smp: Bringing up secondary CPUs ...
[    0.211802] smpboot: x86: Booting SMP configuration:
[    0.211803] .... node  #0, CPUs:        #1  #2  #3  #4  #5  #6  #7  #8  #9
[    0.227114] smp: Brought up 1 node, 10 CPUs
[    0.227117] smpboot: Total of 10 processors activated (49919.96 BogoMIPS)
[    0.229877] Memory: 8314128K/8596168K available (18852K kernel code, 2901K rwdata, 7392K rodata, 2824K init, 924K bss, 274404K reserved, 0K cma-reserved)
[    0.230052] devtmpfs: initialized
[    0.230063] ACPI: PM: Registering ACPI NVS region [mem 0xded7f000-0xdedfefff] (524288 bytes)
[    0.230877] clocksource: jiffies: mask: 0xffffffff max_cycles: 0xffffffff, max_idle_ns: 1911260446275000 ns
[    0.230877] posixtimers hash table entries: 8192 (order: 5, 131072 bytes, linear)
[    0.230877] futex hash table entries: 4096 (order: 6, 262144 bytes, linear)
[    0.230929] PM: RTC time: 16:33:48, date: 2025-06-23
[    0.231142] NET: Registered PF_NETLINK/PF_ROUTE protocol family
[    0.231189] audit: initializing netlink subsys (disabled)
[    0.231203] audit: type=2000 audit(1750696435.029:1): state=initialized audit_enabled=0 res=1
[    0.231203] thermal_sys: Registered thermal governor 'step_wise'
[    0.231203] cpuidle: using governor menu
[    0.232067] PCI: Using configuration type 1 for base access
[    0.232113] kprobes: kprobe jump-optimization is enabled. All kprobes are optimized if possible.
[    0.235992] HugeTLB: allocation took 0ms with hugepage_allocation_threads=2
[    0.236045] HugeTLB: registered 2.00 MiB page size, pre-allocated 0 pages
[    0.236046] HugeTLB: 28 KiB vmemmap can be freed for a 2.00 MiB page
[    0.236397] ACPI: Added _OSI(Module Device)
[    0.236398] ACPI: Added _OSI(Processor Device)
[    0.236398] ACPI: Added _OSI(3.0 _SCP Extensions)
[    0.236399] ACPI: Added _OSI(Processor Aggregator Device)
[    0.236988] ACPI: 2 ACPI AML tables successfully acquired and loaded
[    0.240664] ACPI: Interpreter enabled
[    0.240671] ACPI: PM: (supports S0 S5)
[    0.240673] ACPI: Using IOAPIC for interrupt routing
[    0.240741] PCI: Using host bridge windows from ACPI; if necessary, use "pci=nocrs" and report a bug
[    0.240742] PCI: Using E820 reservations for host bridge windows
[    0.240780] ACPI: Enabled 2 GPEs in block 00 to 07
[    0.242697] ACPI: PCI Root Bridge [PCI0] (domain 0000 [bus 00-ff])
[    0.242701] acpi PNP0A03:00: _OSC: OS supports [ASPM ClockPM Segments MSI HPX-Type3]
[    0.242702] acpi PNP0A03:00: _OSC: not requesting OS control; OS requires [ExtendedConfig ASPM ClockPM MSI]
[    0.242818] acpi PNP0A03:00: fail to add MMCONFIG information, can't access extended configuration space under this bridge
[    0.242864] PCI host bridge to bus 0000:00
[    0.242864] pci_bus 0000:00: root bus resource [io  0x0000-0x0cf7 window]
[    0.242864] pci_bus 0000:00: root bus resource [io  0x0d00-0xffff window]
[    0.242864] pci_bus 0000:00: root bus resource [mem 0x000a0000-0x000bffff window]
[    0.242864] pci_bus 0000:00: root bus resource [mem 0xe0000000-0xfdffffff window]
[    0.242864] pci_bus 0000:00: root bus resource [bus 00-ff]
[    0.242928] pci 0000:00:00.0: [8086:1237] type 00 class 0x060000 conventional PCI endpoint
[    0.243204] pci 0000:00:01.0: [8086:7000] type 00 class 0x060100 conventional PCI endpoint
[    0.243484] pci 0000:00:01.1: [8086:7111] type 00 class 0x01018a conventional PCI endpoint
[    0.243694] pci 0000:00:01.1: BAR 4 [io  0xc180-0xc18f]
[    0.243717] pci 0000:00:01.1: BAR 0 [io  0x01f0-0x01f7]: legacy IDE quirk
[    0.243718] pci 0000:00:01.1: BAR 1 [io  0x03f6]: legacy IDE quirk
[    0.243719] pci 0000:00:01.1: BAR 2 [io  0x0170-0x0177]: legacy IDE quirk
[    0.243719] pci 0000:00:01.1: BAR 3 [io  0x0376]: legacy IDE quirk
[    0.243801] pci 0000:00:02.0: [15ad:0405] type 00 class 0x030000 conventional PCI endpoint
[    0.246134] pci 0000:00:02.0: BAR 0 [io  0xc170-0xc17f]
[    0.246149] pci 0000:00:02.0: BAR 1 [mem 0xe0000000-0xe0ffffff pref]
[    0.246154] pci 0000:00:02.0: BAR 2 [mem 0xe1400000-0xe15fffff]
[    0.247960] pci 0000:00:02.0: Video device with shadowed ROM at [mem 0x000c0000-0x000dffff]
[    0.248157] pci 0000:00:03.0: [8086:100e] type 00 class 0x020000 conventional PCI endpoint
[    0.250884] pci 0000:00:03.0: BAR 0 [mem 0xe1600000-0xe161ffff]
[    0.250921] pci 0000:00:03.0: BAR 2 [io  0xc1a0-0xc1a7]
[    0.252120] pci 0000:00:04.0: [80ee:cafe] type 00 class 0x088000 conventional PCI endpoint
[    0.255954] pci 0000:00:04.0: BAR 0 [io  0xc140-0xc15f]
[    0.255970] pci 0000:00:04.0: BAR 1 [mem 0xe1000000-0xe13fffff]
[    0.255975] pci 0000:00:04.0: BAR 2 [mem 0xe1620000-0xe1623fff pref]
[    0.256183] pci 0000:00:05.0: [8086:2415] type 00 class 0x040100 conventional PCI endpoint
[    0.257031] pci 0000:00:05.0: BAR 0 [io  0xc000-0xc0ff]
[    0.257036] pci 0000:00:05.0: BAR 1 [io  0xc100-0xc13f]
[    0.257150] pci 0000:00:06.0: [106b:003f] type 00 class 0x0c0310 conventional PCI endpoint
[    0.260978] pci 0000:00:06.0: BAR 0 [mem 0xe1627000-0xe1627fff]
[    0.261529] pci 0000:00:07.0: [8086:7113] type 00 class 0x068000 conventional PCI endpoint
[    0.262346] pci 0000:00:07.0: quirk: [io  0x4000-0x403f] claimed by PIIX4 ACPI
[    0.262360] pci 0000:00:07.0: quirk: [io  0x4100-0x410f] claimed by PIIX4 SMB
[    0.262666] pci 0000:00:0b.0: [8086:265c] type 00 class 0x0c0320 conventional PCI endpoint
[    0.266207] pci 0000:00:0b.0: BAR 0 [mem 0xe1626000-0xe1626fff]
[    0.267413] pci 0000:00:0d.0: [8086:2829] type 00 class 0x010601 conventional PCI endpoint
[    0.271069] pci 0000:00:0d.0: BAR 0 [io  0xc198-0xc19f]
[    0.271092] pci 0000:00:0d.0: BAR 1 [io  0xc1ac-0xc1af]
[    0.271106] pci 0000:00:0d.0: BAR 2 [io  0xc190-0xc197]
[    0.271119] pci 0000:00:0d.0: BAR 3 [io  0xc1a8-0xc1ab]
[    0.271131] pci 0000:00:0d.0: BAR 4 [io  0xc160-0xc16f]
[    0.271144] pci 0000:00:0d.0: BAR 5 [mem 0xe1624000-0xe1625fff]
[    0.272938] ACPI: PCI: Interrupt link LNKA configured for IRQ 10
[    0.273094] ACPI: PCI: Interrupt link LNKB configured for IRQ 10
[    0.273178] ACPI: PCI: Interrupt link LNKC configured for IRQ 11
[    0.273255] ACPI: PCI: Interrupt link LNKD configured for IRQ 11
[    0.273459] iommu: Default domain type: Translated
[    0.273465] iommu: DMA domain TLB invalidation policy: lazy mode
[    0.273584] SCSI subsystem initialized
[    0.273930] libata version 3.00 loaded.
[    0.273946] ACPI: bus type USB registered
[    0.273972] usbcore: registered new interface driver usbfs
[    0.273979] usbcore: registered new interface driver hub
[    0.273984] usbcore: registered new device driver usb
[    0.274002] pps_core: LinuxPPS API ver. 1 registered
[    0.274006] pps_core: Software ver. 5.3.6 - Copyright 2005-2007 Rodolfo Giometti <giometti@linux.it>
[    0.274009] PTP clock support registered
[    0.274028] efivars: Registered efivars operations
[    0.274028] Advanced Linux Sound Architecture Driver Initialized.
[    0.274144] NetLabel: Initializing
[    0.274145] NetLabel:  domain hash size = 128
[    0.274146] NetLabel:  protocols = UNLABELED CIPSOv4 CALIPSO
[    0.274164] NetLabel:  unlabeled traffic allowed by default
[    0.274925] PCI: Using ACPI for IRQ routing
[    0.274925] PCI: pci_cache_line_size set to 64 bytes
[    0.275159] e820: reserve RAM buffer [mem 0xdd3e7000-0xdfffffff]
[    0.275169] e820: reserve RAM buffer [mem 0xde560000-0xdfffffff]
[    0.275171] e820: reserve RAM buffer [mem 0xdeaed000-0xdfffffff]
[    0.275172] e820: reserve RAM buffer [mem 0xdf16e000-0xdfffffff]
[    0.275173] e820: reserve RAM buffer [mem 0x22dd00000-0x22fffffff]
[    0.275234] pci 0000:00:02.0: vgaarb: setting as boot VGA device
[    0.275234] pci 0000:00:02.0: vgaarb: bridge control possible
[    0.275234] pci 0000:00:02.0: vgaarb: VGA device added: decodes=io+mem,owns=io+mem,locks=none
[    0.275234] vgaarb: loaded
[    0.275234] clocksource: Switched to clocksource kvm-clock
[    0.275234] VFS: Disk quotas dquot_6.6.0
[    0.275234] VFS: Dquot-cache hash table entries: 512 (order 0, 4096 bytes)
[    0.275863] pnp: PnP ACPI init
[    0.275863] pnp: PnP ACPI: found 2 devices
[    0.288813] clocksource: acpi_pm: mask: 0xffffff max_cycles: 0xffffff, max_idle_ns: 2085701024 ns
[    0.288840] NET: Registered PF_INET protocol family
[    0.289115] IP idents hash table entries: 131072 (order: 8, 1048576 bytes, linear)
[    0.289808] tcp_listen_portaddr_hash hash table entries: 4096 (order: 4, 65536 bytes, linear)
[    0.289808] Table-perturb hash table entries: 65536 (order: 6, 262144 bytes, linear)
[    0.289808] TCP established hash table entries: 65536 (order: 7, 524288 bytes, linear)
[    0.289808] TCP bind hash table entries: 65536 (order: 9, 2097152 bytes, linear)
[    0.289808] TCP: Hash tables configured (established 65536 bind 65536)
[    0.289808] UDP hash table entries: 4096 (order: 6, 262144 bytes, linear)
[    0.289808] UDP-Lite hash table entries: 4096 (order: 6, 262144 bytes, linear)
[    0.289808] NET: Registered PF_UNIX/PF_LOCAL protocol family
[    0.290844] RPC: Registered named UNIX socket transport module.
[    0.290845] RPC: Registered udp transport module.
[    0.290845] RPC: Registered tcp transport module.
[    0.290845] RPC: Registered tcp-with-tls transport module.
[    0.290846] RPC: Registered tcp NFSv4.1 backchannel transport module.
[    0.291235] pci_bus 0000:00: resource 4 [io  0x0000-0x0cf7 window]
[    0.291237] pci_bus 0000:00: resource 5 [io  0x0d00-0xffff window]
[    0.291238] pci_bus 0000:00: resource 6 [mem 0x000a0000-0x000bffff window]
[    0.291238] pci_bus 0000:00: resource 7 [mem 0xe0000000-0xfdffffff window]
[    0.291259] pci 0000:00:00.0: Limiting direct PCI/PCI transfers
[    0.292044] PCI: CLS 0 bytes, default 64
[    0.292061] PCI-DMA: Using software bounce buffering for IO (SWIOTLB)
[    0.292062] software IO TLB: mapped [mem 0x00000000d4139000-0x00000000d8139000] (64MB)
[    0.292093] RAPL PMU: API unit is 2^-32 Joules, 0 fixed counters, 335544320 ms ovfl timer
[    0.292104] clocksource: tsc: mask: 0xffffffffffffffff max_cycles: 0x23fa754787d, max_idle_ns: 440795210092 ns
[    0.292330] clocksource: Switched to clocksource tsc
[    0.292341] platform rtc_cmos: registered platform RTC device (no PNP device found)
[    0.292522] Unpacking initramfs...
[    0.313229] Initialise system trusted keyrings
[    0.313369] workingset: timestamp_bits=40 max_order=21 bucket_order=0
[    0.313983] NFS: Registering the id_resolver key type
[    0.313987] Key type id_resolver registered
[    0.313987] Key type id_legacy registered
[    0.314037] 9p: Installing v9fs 9p2000 file system support
[    0.317446] Key type asymmetric registered
[    0.317446] Asymmetric key parser 'x509' registered
[    0.317446] Block layer SCSI generic (bsg) driver version 0.4 loaded (major 251)
[    0.317446] io scheduler mq-deadline registered
[    0.317446] io scheduler kyber registered
[    0.321134] ACPI: AC: AC Adapter [AC] (on-line)
[    0.321160] input: Power Button as /devices/LNXSYSTM:00/LNXPWRBN:00/input/input0
[    0.321235] ACPI: button: Power Button [PWRF]
[    0.321248] input: Sleep Button as /devices/LNXSYSTM:00/LNXSLPBN:00/input/input1
[    0.321270] ACPI: button: Sleep Button [SLPF]
[    0.321292] ACPI: video: Video Device [GFX0] (multi-head: yes  rom: no  post: no)
[    0.321316] input: Video Bus as /devices/LNXSYSTM:00/LNXSYBUS:00/PNP0A03:00/LNXVIDEO:00/input/input2
[    0.322475] ACPI: battery: Slot [BAT0] (battery present)
[    0.322547] Serial: 8250/16550 driver, 4 ports, IRQ sharing enabled
[    0.322882] Non-volatile memory driver v1.3
[    0.322883] Linux agpgart interface v0.103
[    0.322925] ACPI: bus type drm_connector registered
[    0.325530] loop: module loaded
[    0.325575] ahci 0000:00:0d.0: version 3.0
[    0.325804] ahci 0000:00:0d.0: SSS flag set, parallel bus scan disabled
[    0.325913] ahci 0000:00:0d.0: AHCI vers 0001.0100, 32 command slots, 3 Gbps, SATA mode
[    0.325915] ahci 0000:00:0d.0: 2/2 ports implemented (port mask 0x3)
[    0.325916] ahci 0000:00:0d.0: flags: 64bit ncq stag only ccc 
[    0.326228] scsi host0: ahci
[    0.326614] scsi host1: ahci
[    0.326636] ata1: SATA max UDMA/133 abar m8192@0xe1624000 port 0xe1624100 irq 21 lpm-pol 0
[    0.326640] ata2: SATA max UDMA/133 abar m8192@0xe1624000 port 0xe1624180 irq 21 lpm-pol 0
[    0.326666] ata_piix 0000:00:01.1: version 2.13
[    0.327217] scsi host2: ata_piix
[    0.327505] scsi host3: ata_piix
[    0.327516] ata3: PATA max UDMA/33 cmd 0x1f0 ctl 0x3f6 bmdma 0xc180 irq 14 lpm-pol 0
[    0.327517] ata4: PATA max UDMA/33 cmd 0x170 ctl 0x376 bmdma 0xc188 irq 15 lpm-pol 0
[    0.327629] e100: Intel(R) PRO/100 Network Driver
[    0.327630] e100: Copyright(c) 1999-2006 Intel Corporation
[    0.327634] e1000: Intel(R) PRO/1000 Network Driver
[    0.327635] e1000: Copyright (c) 1999-2006 Intel Corporation.
[    0.458979] Freeing initrd memory: 16696K
[    0.501147] ata3.00: ATAPI: VBOX CD-ROM, 1.0, max UDMA/133
[    0.502482] ata4.00: ATAPI: VBOX CD-ROM, 1.0, max UDMA/133
[    0.657444] ata1: SATA link up 3.0 Gbps (SStatus 123 SControl 300)
[    0.658035] ata1.00: ATA-6: VBOX HARDDISK, 1.0, max UDMA/133
[    0.658038] ata1.00: 52428800 sectors, multi 128: LBA48 NCQ (depth 32)
[    0.658372] ata1.00: configured for UDMA/133
[    0.658476] scsi 0:0:0:0: Direct-Access     ATA      VBOX HARDDISK    1.0  PQ: 0 ANSI: 5
[    0.658604] sd 0:0:0:0: [sda] 52428800 512-byte logical blocks: (26.8 GB/25.0 GiB)
[    0.658607] sd 0:0:0:0: [sda] Write Protect is off
[    0.658608] sd 0:0:0:0: [sda] Mode Sense: 00 3a 00 00
[    0.658612] sd 0:0:0:0: [sda] Write cache: enabled, read cache: enabled, doesn't support DPO or FUA
[    0.658619] sd 0:0:0:0: [sda] Preferred minimum I/O size 512 bytes
[    0.658758] sd 0:0:0:0: Attached scsi generic sg0 type 0
[    0.703466] e1000 0000:00:03.0 eth0: (PCI:33MHz:32-bit) 08:00:27:b6:5b:a7
[    0.703466] e1000 0000:00:03.0 eth0: Intel(R) PRO/1000 Network Connection
[    0.703466] e1000e: Intel(R) PRO/1000 Network Driver
[    0.703466] e1000e: Copyright(c) 1999 - 2015 Intel Corporation.
[    0.703466] sky2: driver version 1.30
[    0.713543] ehci-pci 0000:00:0b.0: EHCI Host Controller
[    0.713759] ehci-pci 0000:00:0b.0: new USB bus registered, assigned bus number 1
[    0.713915] ehci-pci 0000:00:0b.0: irq 19, io mem 0xe1626000
[    0.714246] sd 0:0:0:0: [sda] Attached SCSI disk
[    0.719960] ehci-pci 0000:00:0b.0: USB 2.0 started, EHCI 1.00
[    0.719985] usb usb1: New USB device found, idVendor=1d6b, idProduct=0002, bcdDevice= 6.15
[    0.719987] usb usb1: New USB device strings: Mfr=3, Product=2, SerialNumber=1
[    0.719987] usb usb1: Product: EHCI Host Controller
[    0.719988] usb usb1: Manufacturer: Linux 6.15.0-thor_version-g0ff41df1cb26-dirty ehci_hcd
[    0.719989] usb usb1: SerialNumber: 0000:00:0b.0
[    0.720242] hub 1-0:1.0: USB hub found
[    0.720245] hub 1-0:1.0: 12 ports detected
[    0.720346] ohci-pci 0000:00:06.0: OHCI PCI host controller
[    0.720583] ohci-pci 0000:00:06.0: new USB bus registered, assigned bus number 2
[    0.720633] ohci-pci 0000:00:06.0: irq 22, io mem 0xe1627000
[    0.833661] usb usb2: New USB device found, idVendor=1d6b, idProduct=0001, bcdDevice= 6.15
[    0.833661] usb usb2: New USB device strings: Mfr=3, Product=2, SerialNumber=1
[    0.833661] usb usb2: Product: OHCI PCI host controller
[    0.833661] usb usb2: Manufacturer: Linux 6.15.0-thor_version-g0ff41df1cb26-dirty ohci_hcd
[    0.833661] usb usb2: SerialNumber: 0000:00:06.0
[    0.834027] hub 2-0:1.0: USB hub found
[    0.834046] hub 2-0:1.0: 12 ports detected
[    0.834559] usbcore: registered new interface driver usblp
[    0.834568] usbcore: registered new interface driver usb-storage
[    0.834601] i8042: PNP: PS/2 Controller [PNP0303:PS2K,PNP0f03:PS2M] at 0x60,0x64 irq 1,12
[    0.835371] serio: i8042 KBD port at 0x60,0x64 irq 1
[    0.835376] serio: i8042 AUX port at 0x60,0x64 irq 12
[    0.836587] rtc_cmos rtc_cmos: registered as rtc0
[    0.836682] rtc_cmos rtc_cmos: alarms up to one day, 114 bytes nvram
[    0.836798] input: AT Translated Set 2 keyboard as /devices/platform/i8042/serio0/input/input3
[    0.836977] device-mapper: ioctl: 4.49.0-ioctl (2025-01-17) initialised: dm-devel@lists.linux.dev
[    0.836984] intel_pstate: CPU model not supported
[    0.837335] simple-framebuffer simple-framebuffer.0: [drm] Registered 1 planes with drm panic
[    0.837337] [drm] Initialized simpledrm 1.0.0 for simple-framebuffer.0 on minor 0
[    0.839537] Console: switching to colour frame buffer device 128x48
[    0.840901] simple-framebuffer simple-framebuffer.0: [drm] fb0: simpledrmdrmfb frame buffer device
[    0.840901] hid: raw HID events driver (C) Jiri Kosina
[    0.841163] usbcore: registered new interface driver usbhid
[    0.841163] usbhid: USB HID core driver
[    0.842198] Initializing XFRM netlink socket
[    0.842210] NET: Registered PF_INET6 protocol family
[    0.842905] Segment Routing with IPv6
[    0.842909] In-situ OAM (IOAM) with IPv6
[    0.842926] sit: IPv6, IPv4 and MPLS over IPv4 tunneling driver
[    0.843356] NET: Registered PF_PACKET protocol family
[    0.843375] 9pnet: Installing 9P2000 support
[    0.843395] Key type dns_resolver registered
[    0.844509] IPI shorthand broadcast: enabled
[    0.845750] sched_clock: Marking stable (844057843, 1428512)->(854781946, -9295591)
[    0.846435] registered taskstats version 1
[    0.846436] Loading compiled-in X.509 certificates
[    0.847232] Demotion targets for Node 0: null
[    0.847294] PM:   Magic number: 13:455:591
[    0.847347] printk: legacy console [netcon0] enabled
[    0.847349] netconsole: network logging started
[    0.847397] cfg80211: Loading compiled-in X.509 certificates for regulatory database
[    0.848828] modprobe (119) used greatest stack depth: 13264 bytes left
[    0.849054] input: ImExPS/2 Generic Explorer Mouse as /devices/platform/i8042/serio1/input/input5
[    0.850306] Loaded X.509 cert 'sforshee: 00b28ddf47aef9cea7'
[    0.850386] Loaded X.509 cert 'wens: 61c038651aabdcf94bd0ac7ff06c7248db18c600'
[    0.850396] ALSA device list:
[    0.850397]   No soundcards found.
[    0.850426] platform regulatory.0: Direct firmware load for regulatory.db failed with error -2
[    0.850428] cfg80211: failed to load regulatory.db
[    0.979215] ata2: SATA link up 3.0 Gbps (SStatus 123 SControl 300)
[    0.979374] ata2.00: ATA-6: VBOX HARDDISK, 1.0, max UDMA/133
[    0.979378] ata2.00: 120164352 sectors, multi 128: LBA48 NCQ (depth 32)
[    0.979838] ata2.00: configured for UDMA/133
[    0.979971] scsi 1:0:0:0: Direct-Access     ATA      VBOX HARDDISK    1.0  PQ: 0 ANSI: 5
[    0.980184] scsi 1:0:0:0: Attached scsi generic sg1 type 0
[    0.980334] sd 1:0:0:0: [sdb] 120164352 512-byte logical blocks: (61.5 GB/57.3 GiB)
[    0.980341] sd 1:0:0:0: [sdb] Write Protect is off
[    0.980343] sd 1:0:0:0: [sdb] Mode Sense: 00 3a 00 00
[    0.980351] sd 1:0:0:0: [sdb] Write cache: enabled, read cache: enabled, doesn't support DPO or FUA
[    0.980364] sd 1:0:0:0: [sdb] Preferred minimum I/O size 512 bytes
[    0.980756] scsi 2:0:0:0: CD-ROM            VBOX     CD-ROM           1.0  PQ: 0 ANSI: 5
[    0.983968] sr 2:0:0:0: [sr0] scsi3-mmc drive: 32x/32x xa/form2 tray
[    0.983976] cdrom: Uniform CD-ROM driver Revision: 3.20
[    0.986070] sr 2:0:0:0: Attached scsi CD-ROM sr0
[    0.986196] sr 2:0:0:0: Attached scsi generic sg2 type 5
[    0.986774] scsi 3:0:0:0: CD-ROM            VBOX     CD-ROM           1.0  PQ: 0 ANSI: 5
[    0.987605] sr 3:0:0:0: [sr1] scsi3-mmc drive: 32x/32x xa/form2 tray
[    0.989691] sr 3:0:0:0: Attached scsi CD-ROM sr1
[    0.989817] sr 3:0:0:0: Attached scsi generic sg3 type 5
[    1.173543]  sdb: sdb1 sdb2 sdb3 sdb4 sdb5
[    1.174229] sd 1:0:0:0: [sdb] Attached SCSI disk
[    1.175018] Freeing unused kernel image (initmem) memory: 2824K
[    1.175199] Write protecting the kernel read-only data: 28672k
[    1.175773] Freeing unused kernel image (text/rodata gap) memory: 1624K
[    1.176180] Freeing unused kernel image (rodata/data gap) memory: 800K
[    1.206260] x86/mm: Checked W+X mappings: passed, no W+X pages found.
[    1.206262] x86/mm: Checking user space page tables
[    1.235516] x86/mm: Checked W+X mappings: passed, no W+X pages found.
[    1.235525] usb 2-1: new full-speed USB device number 2 using ohci-pci
[    1.235562] Run /init as init process
[    1.235563]   with arguments:
[    1.235563]     /init
[    1.235564]   with environment:
[    1.235564]     HOME=/
[    1.235565]     TERM=linux
[    1.235565]     BOOT_IMAGE=/vmlinuz-6.15.0-lfs-12.3-systemd
[    1.245500] systemd-udevd (133) used greatest stack depth: 13016 bytes left
[    1.422481] usb 2-1: New USB device found, idVendor=80ee, idProduct=0021, bcdDevice= 1.00
[    1.422485] usb 2-1: New USB device strings: Mfr=1, Product=3, SerialNumber=0
[    1.422486] usb 2-1: Product: USB Tablet
[    1.422487] usb 2-1: Manufacturer: VirtualBox
[    1.435438] input: VirtualBox USB Tablet as /devices/pci0000:00/0000:00:06.0/usb2/2-1/2-1:1.0/0003:80EE:0021.0001/input/input6
[    1.435654] hid-generic 0003:80EE:0021.0001: input,hidraw0: USB HID v1.10 Mouse [VirtualBox USB Tablet] on usb-0000:00:06.0-1/input0
[    7.291826] (udev-worker) (158) used greatest stack depth: 12880 bytes left
[    7.510759] EXT4-fs (sdb4): orphan cleanup on readonly fs
[    7.510959] EXT4-fs (sdb4): mounted filesystem ffd5ccc4-5ff0-4328-87f8-aec9535e89fe ro with ordered data mode. Quota mode: none.
[   10.138040] systemd[1]: systemd 257.6 running in system mode (+PAM -AUDIT -SELINUX -APPARMOR +IMA +IPE +SMACK -SECCOMP -GCRYPT -GNUTLS +OPENSSL +ACL +BLKID +CURL -ELFUTILS -FIDO2 +IDN2 -IDN -IPTC +KMOD -LIBCRYPTSETUP -LIBCRYPTSETUP_PLUGINS +LIBFDISK +PCRE2 +PWQUALITY +P11KIT -QRENCODE -TPM2 +BZIP2 +LZ4 +XZ +ZLIB +ZSTD -BPF_FRAMEWORK -BTF +XKBCOMMON +UTMP +SYSVINIT +LIBARCHIVE)
[   10.138043] systemd[1]: Detected virtualization oracle.
[   10.138050] systemd[1]: Detected architecture x86-64.
[   10.159185] systemd[1]: Hostname set to <minsepar>.
[   10.715842] systemd-rc-loca (227) used greatest stack depth: 12872 bytes left
[   10.715927] systemd-hiberna (225) used greatest stack depth: 12856 bytes left
[   10.762794] systemd-fstab-g (222) used greatest stack depth: 12472 bytes left
[   11.038515] systemd[1]: /etc/systemd/system/sshd.service:3: Failed to add dependency on network.targer, ignoring: Invalid argument
[   11.282044] systemd[1]: Queued start job for default target Graphical Interface.
[   11.618135] systemd[1]: Created slice Slice /system/getty.
[   11.618285] systemd[1]: Created slice Slice /system/modprobe.
[   11.618413] systemd[1]: Created slice Slice /system/systemd-fsck.
[   11.618530] systemd[1]: Created slice User and Session Slice.
[   11.618558] systemd[1]: Started Dispatch Password Requests to Console Directory Watch.
[   11.618574] systemd[1]: Started Forward Password Requests to Wall Directory Watch.
[   11.618669] systemd[1]: Set up automount Arbitrary Executable File Formats File System Automount Point.
[   11.618688] systemd[1]: Reached target Remote File Systems.
[   11.618693] systemd[1]: Reached target Slice Units.
[   11.618700] systemd[1]: Reached target Swaps.
[   11.618705] systemd[1]: Reached target System Time Set.
[   11.630251] systemd[1]: Listening on Process Core Dump Socket.
[   11.632524] systemd[1]: Listening on Credential Encryption/Decryption.
[   11.632568] systemd[1]: Listening on initctl Compatibility Named Pipe.
[   11.633026] systemd[1]: Listening on Journal Audit Socket.
[   11.633075] systemd[1]: Listening on Journal Socket (/dev/log).
[   11.633118] systemd[1]: Listening on Journal Sockets.
[   11.633139] systemd[1]: Listening on DDI File System Mounter Socket.
[   11.633190] systemd[1]: Listening on Network Service Netlink Socket.
[   11.633210] systemd[1]: Listening on Namespace Resource Manager Socket.
[   11.633256] systemd[1]: Listening on Userspace Out-Of-Memory (OOM) Killer Socket.
[   11.633285] systemd[1]: Listening on udev Control Socket.
[   11.633300] systemd[1]: Listening on udev Kernel Socket.
[   11.635565] systemd[1]: Mounting Huge Pages File System...
[   11.636058] systemd[1]: Mounting POSIX Message Queue File System...
[   11.636540] systemd[1]: Mounting Kernel Debug File System...
[   11.637013] systemd[1]: Mounting Kernel Trace File System...
[   11.640924] systemd[1]: tmp.mount: Directory /tmp to mount over is not empty, mounting anyway.
[   11.641843] systemd[1]: Mounting Temporary Directory /tmp...
[   11.641907] systemd[1]: Create List of Static Device Nodes was skipped because of an unmet condition check (ConditionFileNotEmpty=/lib/modules/6.15.0-thor_version-g0ff41df1cb26-dirty/modules.devname).
[   11.648065] systemd[1]: Starting Load Kernel Module configfs...
[   11.648831] systemd[1]: Starting Load Kernel Module dm_mod...
[   11.649348] systemd[1]: Starting Load Kernel Module drm...
[   11.649814] systemd[1]: Starting Load Kernel Module efi_pstore...
[   11.650172] systemd[1]: Starting Load Kernel Module fuse...
[   11.650697] systemd[1]: Starting Load Kernel Module loop...
[   11.651102] systemd[1]: Starting File System Check on Root Device...
[   11.651121] systemd[1]: Clear Stale Hibernate Storage Info was skipped because of an unmet condition check (ConditionPathExists=/sys/firmware/efi/efivars/HibernateLocation-8cf2644b-4b0b-428f-9387-6d876050dc67).
[   11.651182] systemd[1]: systemd-journald.service: unit configures an IP firewall, but the local system does not support BPF/cgroup firewalling.
[   11.651183] systemd[1]: systemd-journald.service: (This warning is only shown for the first unit using IP firewalling.)
[   11.652055] systemd[1]: Starting Journal Service...
[   11.656091] systemd[1]: Load Kernel Modules was skipped because no trigger condition checks were met.
[   11.656980] systemd[1]: Starting Generate network units from Kernel command line...
[   11.657799] systemd[1]: Starting Userspace Out-Of-Memory (OOM) Killer...
[   11.658493] systemd[1]: Starting Apply Kernel Variables...
[   11.659164] systemd[1]: Starting Create Static Device Nodes in /dev gracefully...
[   11.659720] systemd[1]: Starting Load udev Rules from Credentials...
[   11.660196] systemd[1]: Starting Coldplug All udev Devices...
[   11.661402] systemd[1]: modprobe@configfs.service: Deactivated successfully.
[   11.661611] systemd[1]: Finished Load Kernel Module configfs.
[   11.661918] systemd[1]: modprobe@dm_mod.service: Deactivated successfully.
[   11.662066] systemd[1]: Finished Load Kernel Module dm_mod.
[   11.662270] systemd[1]: modprobe@drm.service: Deactivated successfully.
[   11.662401] systemd[1]: Finished Load Kernel Module drm.
[   11.662726] systemd[1]: modprobe@efi_pstore.service: Deactivated successfully.
[   11.662884] systemd[1]: Finished Load Kernel Module efi_pstore.
[   11.663153] systemd[1]: modprobe@fuse.service: Deactivated successfully.
[   11.663315] systemd[1]: Finished Load Kernel Module fuse.
[   11.663569] systemd[1]: modprobe@loop.service: Deactivated successfully.
[   11.663735] systemd[1]: Finished Load Kernel Module loop.
[   11.663934] systemd[1]: FUSE Control File System was skipped because of an unmet condition check (ConditionPathExists=/sys/fs/fuse/connections).
[   11.663993] systemd[1]: Kernel Configuration File System was skipped because of an unmet condition check (ConditionPathExists=/sys/kernel/config).
[   11.664029] systemd[1]: Repartition Root Disk was skipped because no trigger condition checks were met.
[   11.715270] systemd[1]: Finished Generate network units from Kernel command line.
[   11.715751] systemd[1]: Reached target Preparation for Network.
[   11.746443] systemd[1]: Mounted Huge Pages File System.
[   11.746547] systemd[1]: Mounted POSIX Message Queue File System.
[   11.746583] systemd[1]: Mounted Kernel Debug File System.
[   11.746622] systemd[1]: Mounted Kernel Trace File System.
[   11.746653] systemd[1]: Mounted Temporary Directory /tmp.
[   11.766998] systemd-journald[248]: Collecting audit messages is enabled.
[   11.790124] systemd[1]: Started Journal Service.
[   12.103213] EXT4-fs (sdb4): re-mounted ffd5ccc4-5ff0-4328-87f8-aec9535e89fe r/w.
[   12.438963] systemd-journald[248]: Received client request to flush runtime journal.
[   12.776794] EXT4-fs (sdb2): mounted filesystem 85bc0315-6789-4d1a-91a4-b01e7ee462f3 r/w with ordered data mode. Quota mode: none.
[   12.845723] FAT-fs (sdb1): Volume was not properly unmounted. Some data may be corrupt. Please run fsck.
[   13.429958] e1000 0000:00:03.0 enp0s3: renamed from eth0
[   16.371532] e1000: enp0s3 NIC Link is Up 1000 Mbps Full Duplex, Flow Control: RX
[   16.576927] audit: type=1325 audit(1750696451.514:2): table=filter family=2 entries=0 op=xt_register pid=497 subj=kernel comm="iptables"
[   16.576931] audit: type=1300 audit(1750696451.514:2): arch=c000003e syscall=55 success=yes exit=0 a0=4 a1=0 a2=40 a3=7fffdb7d8f30 items=0 ppid=487 pid=497 auid=4294967295 uid=0 gid=0 euid=0 suid=0 fsuid=0 egid=0 sgid=0 fsgid=0 tty=(none) ses=4294967295 comm="iptables" exe="/usr/sbin/xtables-legacy-multi" subj=kernel key=(null)
[   16.576933] audit: type=1327 audit(1750696451.514:2): proctitle=69707461626C6573002D5000494E50555400414343455054
[   16.576934] audit: type=1325 audit(1750696451.515:3): table=filter family=2 entries=4 op=xt_replace pid=497 subj=kernel comm="iptables"
[   16.576935] audit: type=1300 audit(1750696451.515:3): arch=c000003e syscall=54 success=yes exit=0 a0=4 a1=0 a2=40 a3=5557b2fcf8b0 items=0 ppid=487 pid=497 auid=4294967295 uid=0 gid=0 euid=0 suid=0 fsuid=0 egid=0 sgid=0 fsgid=0 tty=(none) ses=4294967295 comm="iptables" exe="/usr/sbin/xtables-legacy-multi" subj=kernel key=(null)
[   16.576936] audit: type=1327 audit(1750696451.515:3): proctitle=69707461626C6573002D5000494E50555400414343455054
[   16.577845] audit: type=1325 audit(1750696451.516:4): table=filter family=2 entries=4 op=xt_replace pid=502 subj=kernel comm="iptables"
[   16.577849] audit: type=1300 audit(1750696451.516:4): arch=c000003e syscall=54 success=yes exit=0 a0=4 a1=0 a2=40 a3=55d5353558b0 items=0 ppid=487 pid=502 auid=4294967295 uid=0 gid=0 euid=0 suid=0 fsuid=0 egid=0 sgid=0 fsgid=0 tty=(none) ses=4294967295 comm="iptables" exe="/usr/sbin/xtables-legacy-multi" subj=kernel key=(null)
[   16.577850] audit: type=1327 audit(1750696451.516:4): proctitle=69707461626C6573002D5000464F525741524400414343455054
[   16.578682] audit: type=1325 audit(1750696451.517:5): table=filter family=2 entries=4 op=xt_replace pid=503 subj=kernel comm="iptables"
[   26.170852] kauditd_printk_skb: 29 callbacks suppressed
[   26.170856] audit: type=1006 audit(1750696461.109:15): pid=493 uid=0 subj=kernel old-auid=4294967295 auid=1000 tty=tty1 old-ses=4294967295 ses=1 res=1
[   26.170860] audit: type=1300 audit(1750696461.109:15): arch=c000003e syscall=1 success=yes exit=4 a0=4 a1=7ffcd3373750 a2=4 a3=0 items=0 ppid=1 pid=493 auid=1000 uid=0 gid=0 euid=0 suid=0 fsuid=0 egid=0 sgid=0 fsgid=0 tty=tty1 ses=1 comm="login" exe="/usr/bin/login" subj=kernel key=(null)
[   26.170863] audit: type=1327 audit(1750696461.109:15): proctitle=2F62696E2F6C6F67696E002D2D
[   26.278827] audit: type=1006 audit(1750696461.217:16): pid=1492 uid=0 subj=kernel old-auid=4294967295 auid=1000 tty=(none) old-ses=4294967295 ses=2 res=1
[   26.278833] audit: type=1300 audit(1750696461.217:16): arch=c000003e syscall=1 success=yes exit=4 a0=7 a1=7ffe26a11490 a2=4 a3=0 items=0 ppid=1 pid=1492 auid=1000 uid=0 gid=0 euid=0 suid=0 fsuid=0 egid=0 sgid=0 fsgid=0 tty=(none) ses=2 comm="(systemd)" exe="/usr/lib/systemd/systemd-executor" subj=kernel key=(null)
[   26.278835] audit: type=1327 audit(1750696461.217:16): proctitle="(systemd)"
[   28.360983] vboxvideo: loading out-of-tree module taints kernel.
[   28.361859] vboxvideo: loading version 7.1.10 r169112
[   28.670467] vgdrvHeartbeatInit: Setting up heartbeat to trigger every 2000 milliseconds
[   28.670551] Host supports full mouse state reporting, switching to extended mouse integration protocol
[   28.670581] input: VirtualBox mouse integration as /devices/pci0000:00/0000:00:04.0/input/input7
[   28.671204] vboxguest: Successfully loaded version 7.1.10 r169112
[   28.671214] vboxguest: misc device minor 125, IRQ 20, I/O port c140, MMIO at 00000000e1000000 (size 0x400000)
[   28.671224] vboxguest: Successfully loaded version 7.1.10 r169112 (interface 0x00010004)
[   28.675210] vboxsf: g_fHostFeatures=0x8000000f g_fSfFeatures=0x1 g_uSfLastFunction=29
[   28.675270] vboxsf: Successfully loaded version 7.1.10 r169112
[   28.675279] vboxsf: Successfully loaded version 7.1.10 r169112 on 6.15.0-thor_version-g0ff41df1cb26-dirty (LINUX_VERSION_CODE=0x60f00)
[   28.707617] 16:34:23.646349 main     VBoxService 7.1.10 r169112 (verbosity: 0) linux.amd64 (Jun  3 2025 13:12:37) release log
               16:34:23.646350 main     Log opened 2025-06-23T16:34:23.646347000Z
[   28.707635] 16:34:23.646396 main     OS Product: Linux
[   28.707644] 16:34:23.646406 main     OS Release: 6.15.0-thor_version-g0ff41df1cb26-dirty
[   28.707652] 16:34:23.646414 main     OS Version: #6 SMP PREEMPT_DYNAMIC Mon Jun 23 16:24:46 GMT 2025
[   28.707662] 16:34:23.646422 main     Executable: /opt/VBoxGuestAdditions-7.1.10/sbin/VBoxService
               16:34:23.646422 main     Process ID: 2233
               16:34:23.646423 main     Package type: LINUX_64BITS_GENERIC
[   28.709707] 16:34:23.648457 main     7.1.10 r169112 started. Verbose level = 0
[   28.712580] 16:34:23.651311 main     vbglR3GuestCtrlDetectPeekGetCancelSupport: Supported (#1)
[   46.319811] systemd-hostnam (483) used greatest stack depth: 12296 bytes left
